Global frequency set at 1000000000000 ticks per second
src/mem/dram_interface.cc:690: warn: DRAM device capacity (8192 Mbytes) does not match the address range assigned (16384 Mbytes)
src/arch/riscv/isa.cc:279: info: RVV enabled, VLEN = 256 bits, ELEN = 64 bits
src/base/statistics.hh:279: warn: One of the stats is a legacy stat. Legacy stat is a stat that does not belong to any statistics::Group. Legacy stat is deprecated.
src/arch/riscv/isa.cc:279: info: RVV enabled, VLEN = 256 bits, ELEN = 64 bits
system.remote_gdb: Listening for connections on port 7051
gem5 Simulator System.  https://www.gem5.org
gem5 is copyrighted software; use the --copyright option for details.

gem5 version 24.1.0.3
gem5 compiled May  2 2026 19:08:01
gem5 started May  3 2026 18:12:44
gem5 executing on computenode3, pid 2147025
command line: /home/riscv_sec/stict/working/manual-2/build/RISCV/gem5.opt -d spec_result/657.xz_s_scheme sim/spec/657.xz_s/sim.py --scheme

Beginning simulation for 657.xz_s
Scheme enabled: True
Cores: 2
Binary (relative to stict): sim/spec/657.xz_s/xz_s_base.mytest
Core0 args: ['cpu2006docs.tar.xz', '4', '055ce243071129412e9dd0b3b69a21654033a9b723d874b2015c774fac1553d9713be561ca86f74e4f16f22e664fc17a79f30caa5ad2c04fbc447549c2810fae', '1548636', '1555348', '0']
Core1 args: ['cpu2006docs.tar.xz', '4', '055ce243071129412e9dd0b3b69a21654033a9b723d874b2015c774fac1553d9713be561ca86f74e4f16f22e664fc17a79f30caa5ad2c04fbc447549c2810fae', '1462248', '-1', '1']
warn: Base 10 memory/cache size 16GB will be cast to base 2 size 16GiB.
warn: Base 10 memory/cache size 32kB will be cast to base 2 size 32KiB.
warn: Base 10 memory/cache size 32kB will be cast to base 2 size 32KiB.
warn: Base 10 memory/cache size 32kB will be cast to base 2 size 32KiB.
warn: Base 10 memory/cache size 32kB will be cast to base 2 size 32KiB.
warn: Base 10 memory/cache size 2048kB will be cast to base 2 size 2048KiB.
src/sim/simulate.cc:199: info: Entering event queue @ 0.  Starting simulation...
src/sim/syscall_emul.cc:97: warn: ignoring syscall set_robust_list(...)
      (further warnings will be suppressed)
src/sim/syscall_emul.cc:97: warn: ignoring syscall rt_sigaction(...)
      (further warnings will be suppressed)
src/sim/syscall_emul.cc:97: warn: ignoring syscall rt_sigprocmask(...)
      (further warnings will be suppressed)
src/sim/syscall_emul.hh:1117: warn: readlink() called on '/proc/self/exe' may yield unexpected results in various settings.
      Returning '/home/riscv_sec/stict/working/manual-2/sim/spec/657.xz_s/xz_s_base.mytest'
src/sim/mem_state.cc:448: info: Increasing stack size by one page.
src/sim/mem_state.cc:448: info: Increasing stack size by one page.
src/sim/syscall_emul.cc:86: warn: ignoring syscall mprotect(...)
src/sim/syscall_emul.cc:86: warn: ignoring syscall mprotect(...)
src/sim/mem_state.cc:448: info: Increasing stack size by one page.
src/sim/mem_state.cc:448: info: Increasing stack size by one page.
SPEC CPU XZ driver: input=cpu2006docs.tar.xz insize=4
SPEC CPU XZ driver: input=cpu2006docs.tar.xz insize=4
Loading Input Data
Loading Input Data
src/sim/mem_state.cc:448: info: Increasing stack size by one page.
src/sim/mem_state.cc:448: info: Increasing stack size by one page.
src/sim/mem_state.cc:448: info: Increasing stack size by one page.
src/sim/mem_state.cc:448: info: Increasing stack size by one page.
Compressed size: 1287176; Uncompressed size: 9041920
Compressed size: 1287176; Uncompressed size: 9041920
SHA-512 of decompressed data compared successfully!
Decompressed data too large; truncating to requested size 4194304
SHA-512 of decompressed data compared successfully!
Decompressed data too large; truncating to requested size 4194304
SHA-512 of input file: b7c84b65a675a1d081e05b2d98a64625a05ced5a76d6542743c58b1759d75d2a6dd043cfe5d06617639aef5d6ca29cf2efec8fb71ed24b272c9ff2726aeed370
Input data 4194304 bytes in length
Compressing Input Data, level 1
SHA-512 of input file: b7c84b65a675a1d081e05b2d98a64625a05ced5a76d6542743c58b1759d75d2a6dd043cfe5d06617639aef5d6ca29cf2efec8fb71ed24b272c9ff2726aeed370
work available for up to 4194304 / 4194304 => 2 threads
Input data 4194304 bytes in length
Compressing Input Data, level 0
context size per thread: 4096 KB
work available for up to 4194304 / 1048576 => 5 threads
context size per thread: 1024 KB
Compressed data 1555348 bytes in length
Compressed data is between 1548636 and 1555348 bytes in length
Finished compressing data
Uncompressing previously compressed data
Compressed data 1462248 bytes in length
Compressed data length is 1462248 bytes in length
Finished compressing data
Uncompressing previously compressed data
