Global frequency set at 1000000000000 ticks per second
build/RISCV/mem/dram_interface.cc:690: warn: DRAM device capacity (8192 Mbytes) does not match the address range assigned (16384 Mbytes)
0: system.remote_gdb: listening for remote gdb on port 7026
gem5 Simulator System.  https://www.gem5.org
gem5 is copyrighted software; use the --copyright option for details.

gem5 version 22.1.0.0
gem5 compiled Apr 22 2026 16:27:53
gem5 started May  3 2026 13:19:25
gem5 executing on computenode3, pid 2098074
command line: /home/riscv_sec/stict/working/speclfb2/build/RISCV/gem5.opt -d spec_result/602.gcc_s_scheme sim/spec/602.gcc_s/sim.py --scheme=Speclfb

Beginning simulation for 602.gcc_s
Scheme: Speclfb
Cores: 2
Binary (relative to speclfb): sim/spec/602.gcc_s/sgcc_base.mytest
Core0 args: ['t1.c', '-O3', '-finline-limit=50000', '-o', 't1.opts-O3_-finline-limit_50000.s']
Core1 args: ['t1.c', '-O3', '-finline-limit=50000', '-o', 't1.opts-O3_-finline-limit_50000.s']
build/RISCV/sim/simulate.cc:192: info: Entering event queue @ 0.  Starting simulation...
build/RISCV/sim/syscall_emul.hh:1014: warn: readlink() called on '/proc/self/exe' may yield unexpected results in various settings.
      Returning '/home/riscv_sec/stict/working/speclfb2/sim/spec/602.gcc_s/sgcc_base.mytest'
build/RISCV/sim/mem_state.cc:443: info: Increasing stack size by one page.
build/RISCV/sim/mem_state.cc:443: info: Increasing stack size by one page.
build/RISCV/sim/syscall_emul.cc:74: warn: ignoring syscall mprotect(...)
build/RISCV/sim/syscall_emul.cc:74: warn: ignoring syscall mprotect(...)
build/RISCV/sim/syscall_emul.hh:2109: warn: prlimit: unimplemented resource 9
build/RISCV/sim/syscall_emul.hh:2109: warn: prlimit: unimplemented resource 9
build/RISCV/sim/syscall_emul.hh:2109: warn: prlimit: unimplemented resource 9
build/RISCV/sim/syscall_emul.hh:2109: warn: prlimit: unimplemented resource 5
build/RISCV/sim/syscall_emul.hh:2109: warn: prlimit: unimplemented resource 9
build/RISCV/sim/syscall_emul.hh:2109: warn: prlimit: unimplemented resource 9
build/RISCV/sim/syscall_emul.hh:2109: warn: prlimit: unimplemented resource 5
build/RISCV/sim/syscall_emul.hh:2109: warn: prlimit: unimplemented resource 9
t1.c:2:5: warning: conflicting types for built-in function 'printf'
t1.c:2:5: warning: conflicting types for built-in function 'printf'
build/RISCV/mem/coherent_xbar.cc:461: warn: system.l2bus: response UpgradeResp [98d100:98d13f] has no routeTo entry (req=0x557eeb102a10, routeTo size=2). Dropping response packet.
gem5.opt: build/RISCV/mem/packet.hh:1090: void gem5::Packet::makeResponse(): Assertion `needsResponse()' failed.
Program aborted at tick 8403268000
--- BEGIN LIBC BACKTRACE ---
/home/riscv_sec/stict/working/speclfb2/build/RISCV/gem5.opt(+0x1340620)[0x557ed68a7620]
/home/riscv_sec/stict/working/speclfb2/build/RISCV/gem5.opt(+0x1363f9c)[0x557ed68caf9c]
/lib/x86_64-linux-gnu/libpthread.so.0(+0x14420)[0x7f7d10173420]
/lib/x86_64-linux-gnu/libc.so.6(gsignal+0xcb)[0x7f7d0f28200b]
/lib/x86_64-linux-gnu/libc.so.6(abort+0x12b)[0x7f7d0f261859]
/lib/x86_64-linux-gnu/libc.so.6(+0x22729)[0x7f7d0f261729]
/lib/x86_64-linux-gnu/libc.so.6(+0x33fd6)[0x7f7d0f272fd6]
/home/riscv_sec/stict/working/speclfb2/build/RISCV/gem5.opt(+0x7f9699)[0x557ed5d60699]
/home/riscv_sec/stict/working/speclfb2/build/RISCV/gem5.opt(+0xf3089c)[0x557ed649789c]
/home/riscv_sec/stict/working/speclfb2/build/RISCV/gem5.opt(+0xf16249)[0x557ed647d249]
/home/riscv_sec/stict/working/speclfb2/build/RISCV/gem5.opt(+0xf040c8)[0x557ed646b0c8]
/home/riscv_sec/stict/working/speclfb2/build/RISCV/gem5.opt(+0xe79587)[0x557ed63e0587]
/home/riscv_sec/stict/working/speclfb2/build/RISCV/gem5.opt(+0xe7c5a2)[0x557ed63e35a2]
/home/riscv_sec/stict/working/speclfb2/build/RISCV/gem5.opt(+0x1353b82)[0x557ed68bab82]
/home/riscv_sec/stict/working/speclfb2/build/RISCV/gem5.opt(+0x137b235)[0x557ed68e2235]
/home/riscv_sec/stict/working/speclfb2/build/RISCV/gem5.opt(+0x137b85b)[0x557ed68e285b]
/home/riscv_sec/stict/working/speclfb2/build/RISCV/gem5.opt(+0x12e1b60)[0x557ed6848b60]
/home/riscv_sec/stict/working/speclfb2/build/RISCV/gem5.opt(+0x47844e)[0x557ed59df44e]
/lib/x86_64-linux-gnu/libpython3.8.so.1.0(+0x2a8748)[0x7f7d1042a748]
/lib/x86_64-linux-gnu/libpython3.8.so.1.0(_PyEval_EvalFrameDefault+0x8dd8)[0x7f7d101fff48]
/lib/x86_64-linux-gnu/libpython3.8.so.1.0(_PyEval_EvalCodeWithName+0x8fb)[0x7f7d1034ce4b]
/lib/x86_64-linux-gnu/libpython3.8.so.1.0(_PyFunction_Vectorcall+0x94)[0x7f7d1042a124]
/lib/x86_64-linux-gnu/libpython3.8.so.1.0(+0x74d6d)[0x7f7d101f6d6d]
/lib/x86_64-linux-gnu/libpython3.8.so.1.0(_PyEval_EvalFrameDefault+0x7d86)[0x7f7d101feef6]
/lib/x86_64-linux-gnu/libpython3.8.so.1.0(_PyEval_EvalCodeWithName+0x8fb)[0x7f7d1034ce4b]
/lib/x86_64-linux-gnu/libpython3.8.so.1.0(PyEval_EvalCodeEx+0x42)[0x7f7d1034d1d2]
/lib/x86_64-linux-gnu/libpython3.8.so.1.0(PyEval_EvalCode+0x1f)[0x7f7d1034d5bf]
/lib/x86_64-linux-gnu/libpython3.8.so.1.0(+0x1cfc01)[0x7f7d10351c01]
/lib/x86_64-linux-gnu/libpython3.8.so.1.0(+0x25f547)[0x7f7d103e1547]
/lib/x86_64-linux-gnu/libpython3.8.so.1.0(+0x74d6d)[0x7f7d101f6d6d]
/lib/x86_64-linux-gnu/libpython3.8.so.1.0(_PyEval_EvalFrameDefault+0x12fd)[0x7f7d101f846d]
/lib/x86_64-linux-gnu/libpython3.8.so.1.0(+0x8006b)[0x7f7d1020206b]
--- END LIBC BACKTRACE ---
[RUN] 602.gcc_s: /home/riscv_sec/stict/working/speclfb2/build/RISCV/gem5.opt -d spec_result/602.gcc_s_scheme sim/spec/602.gcc_s/sim.py --scheme=Speclfb
