Global frequency set at 1000000000000 ticks per second
src/mem/dram_interface.cc:690: warn: DRAM device capacity (8192 Mbytes) does not match the address range assigned (16384 Mbytes)
src/arch/riscv/isa.cc:279: info: RVV enabled, VLEN = 256 bits, ELEN = 64 bits
src/base/statistics.hh:279: warn: One of the stats is a legacy stat. Legacy stat is a stat that does not belong to any statistics::Group. Legacy stat is deprecated.
system.remote_gdb: Listening for connections on port 7020
gem5 Simulator System.  https://www.gem5.org
gem5 is copyrighted software; use the --copyright option for details.

gem5 version 24.1.0.3
gem5 compiled May  2 2026 19:08:01
gem5 started May  3 2026 18:12:38
gem5 executing on computenode3, pid 2146683
command line: /home/riscv_sec/stict/working/manual-2/build/RISCV/gem5.opt -d spec_result/531.deepsjeng_r_scheme sim/spec/531.deepsjeng_r/sim.py --scheme

Beginning simulation for 531.deepsjeng_r
Scheme enabled: True
Cores: 1
Binary (relative to stict): sim/spec/531.deepsjeng_r/deepsjeng_r_base.mytest
Core0 args: ['test.txt']
warn: Base 10 memory/cache size 16GB will be cast to base 2 size 16GiB.
warn: Base 10 memory/cache size 32kB will be cast to base 2 size 32KiB.
warn: Base 10 memory/cache size 32kB will be cast to base 2 size 32KiB.
warn: Base 10 memory/cache size 2048kB will be cast to base 2 size 2048KiB.
src/sim/simulate.cc:199: info: Entering event queue @ 0.  Starting simulation...
src/sim/syscall_emul.hh:1117: warn: readlink() called on '/proc/self/exe' may yield unexpected results in various settings.
      Returning '/home/riscv_sec/stict/working/manual-2/sim/spec/531.deepsjeng_r/deepsjeng_r_base.mytest'
src/sim/mem_state.cc:448: info: Increasing stack size by one page.
src/sim/syscall_emul.cc:86: warn: ignoring syscall mprotect(...)
src/sim/mem_state.cc:448: info: Increasing stack size by one page.
src/sim/mem_state.cc:448: info: Increasing stack size by one page.
Deep Sjeng version 3.2 SPEC, Copyright (C) 2000-2009 Gian-Carlo Pascutto
Allocated 15000000 hash entries, totalling 720000000 bytes.
Analyzing 15 plies...
  +----+----+----+----+----+----+----+----+
8 | *R |    |    | *Q | *K |    |    | *R |
  +----+----+----+----+----+----+----+----+
7 | *P | *P | *P |    | *B |    | *P | *P |
  +----+----+----+----+----+----+----+----+
6 |    |    | *N |    | *P |    |    |    |
  +----+----+----+----+----+----+----+----+
5 |    |    |    | *P |  P |    | *N |    |
  +----+----+----+----+----+----+----+----+
4 |    |    |    |  P |    |    | *B |    |
  +----+----+----+----+----+----+----+----+
3 |    |    |  P |  B |    |  N |  N |    |
  +----+----+----+----+----+----+----+----+
2 |  P |  P |    |    |    |    |  P |  P |
  +----+----+----+----+----+----+----+----+
1 |  R |    |  B |  Q |  K |    |    |  R |
  +----+----+----+----+----+----+----+----+

     a    b    c    d    e    f    g    h

Opening phase.
Time for move : 99999999
src/sim/mem_state.cc:448: info: Increasing stack size by one page.
src/sim/mem_state.cc:448: info: Increasing stack size by one page.
src/sim/mem_state.cc:448: info: Increasing stack size by one page.
 3     -43     0      750  O-O ??
src/sim/mem_state.cc:448: info: Increasing stack size by one page.
src/sim/mem_state.cc:448: info: Increasing stack size by one page.
src/sim/mem_state.cc:448: info: Increasing stack size by one page.
 3     -18     0     1153  O-O Nxf3+ Rxf3 Bxf3 Qxf3 
 3     -10     0     1733  Bxg5 Bxg5 h3 Bf4 
 3     -10     0     2353  Bxg5 Bxg5 h3 Bf4 
 4     -11     0     3161  Bxg5 Bxg5 h3 Bf4 hxg4 Bxg3+ Kd2 
 4     -11     0     5561  Bxg5 Bxg5 h3 Bf4 hxg4 Bxg3+ Kd2 
src/sim/mem_state.cc:448: info: Increasing stack size by one page.
src/sim/mem_state.cc:448: info: Increasing stack size by one page.
 5       1     0     8798  Bxg5 Bxg5 Qb3 Bxf3 gxf3 Qc8 Qa3 Be3 
 5       1     0     9543  Bxg5 Bxg5 Qb3 Bxf3 gxf3 Qc8 Qa3 Be3 
 6      31     0    11662  Bxg5 !!
 6      35     0    13203  Bxg5 Bxg5 h3 Bf4 hxg4 Bxg3+ Kd2 h6 Kc2 O-O 
 6      35     0    14196  Bxg5 Bxg5 h3 Bf4 hxg4 Bxg3+ Kd2 h6 Kc2 O-O 
 7      35     0    16333  Bxg5 Bxg5 h3 Bf4 hxg4 Bxg3+ Kd2 h6 Kc2 O-O 
src/sim/mem_state.cc:448: info: Increasing stack size by one page.
src/sim/mem_state.cc:448: info: Increasing stack size by one page.
 7      35     0    21839  Bxg5 Bxg5 h3 Bf4 hxg4 Bxg3+ Kd2 h6 Kc2 O-O 
src/sim/mem_state.cc:448: info: Increasing stack size by one page.
 8      58     0    31092  Bxg5 Bxg5 h3 Bf4 hxg4 Bxg3+ Kd2 h6 Bg6+ Kd7 Qb3 Kc8 Kc2 
 8      58     0    33574  Bxg5 Bxg5 h3 Bf4 hxg4 Bxg3+ Kd2 h6 Bg6+ Kd7 Qb3 Kc8 Kc2 
src/sim/mem_state.cc:448: info: Increasing stack size by one page.
src/sim/mem_state.cc:448: info: Increasing stack size by one page.
src/sim/mem_state.cc:448: info: Increasing stack size by one page.
src/sim/mem_state.cc:448: info: Increasing stack size by one page.
src/sim/mem_state.cc:448: info: Increasing stack size by one page.
src/sim/mem_state.cc:448: info: Increasing stack size by one page.
 9      56     0    85090  Bxg5 Bxg5 h3 Bf4 hxg4 Bxg3+ Kd2 Qe7 Bg6+ Kd7 Bxh7 Bf4+ Kc2 Raf8 Qe2 Kc8 Qb5 Be3 
 9      56     0    92018  Bxg5 Bxg5 h3 Bf4 hxg4 Bxg3+ Kd2 Qe7 Bg6+ Kd7 Bxh7 Bf4+ Kc2 Raf8 Qe2 Kc8 Qb5 Be3 
src/sim/mem_state.cc:448: info: Increasing stack size by one page.
10      57     0   201398  Bxg5 Bxg5 h3 Bf4 hxg4 Bxg3+ Kd2 Qe7 Bg6+ Kd7 Bxh7 Raf8 Qb3 Kc8 Kc2 Rf4 Bd3 Rxh1 Rxh1 Rxg4 
10      57     0   254780  Bxg5 Bxg5 h3 Bf4 hxg4 Bxg3+ Kd2 Qe7 Bg6+ Kd7 Bxh7 Raf8 Qb3 Kc8 Kc2 Rf4 Bd3 Rxh1 Rxh1 Rxg4 
src/sim/mem_state.cc:448: info: Increasing stack size by one page.
11      49     0   459068  Bxg5 Bxg5 h3 Bf4 hxg4 Bxg3+ Kd2 Qe7 Bg6+ Kd7 Bxh7 Raf8 Qb3 Kc8 Kc2 Qf7 Raf1 Qf4 Kb1 Qxg4 
11      49     0   495980  Bxg5 Bxg5 h3 Bf4 hxg4 Bxg3+ Kd2 Qe7 Bg6+ Kd7 Bxh7 Raf8 Qb3 Kc8 Kc2 Qf7 Raf1 Qf4 Kb1 Qxg4 
src/sim/mem_state.cc:448: info: Increasing stack size by one page.
src/sim/mem_state.cc:448: info: Increasing stack size by one page.
12      49     0  1247935  Bxg5 Bxg5 h3 Bxf3 Qxf3 Qe7 Qh5+ Kd7 h4 Bf4 O-O g5 Ne2 Be3+ Kh1 Kc8 Rf7 
12      49     0  1321354  Bxg5 Bxg5 h3 Bxf3 Qxf3 Qe7 Qh5+ Kd7 h4 Bf4 O-O g5 Ne2 Be3+ Kh1 Kc8 Rf7 
src/sim/mem_state.cc:448: info: Increasing stack size by one page.
src/sim/mem_state.cc:448: info: Increasing stack size by one page.
src/sim/mem_state.cc:448: info: Increasing stack size by one page.
src/sim/mem_state.cc:448: info: Increasing stack size by one page.
src/sim/mem_state.cc:448: info: Increasing stack size by one page.
