Global frequency set at 1000000000000 ticks per second
build/RISCV/mem/dram_interface.cc:690: warn: DRAM device capacity (8192 Mbytes) does not match the address range assigned (16384 Mbytes)
0: system.remote_gdb: listening for remote gdb on port 7025
gem5 Simulator System.  https://www.gem5.org
gem5 is copyrighted software; use the --copyright option for details.

gem5 version 22.1.0.0
gem5 compiled Apr 22 2026 16:27:53
gem5 started May  3 2026 13:19:25
gem5 executing on computenode3, pid 2098079
command line: /home/riscv_sec/stict/working/speclfb2/build/RISCV/gem5.opt -d spec_result/603.bwaves_s_scheme sim/spec/603.bwaves_s/sim.py --scheme=Speclfb

Beginning simulation for 603.bwaves_s
Scheme: Speclfb
Cores: 2
Binary (relative to speclfb): sim/spec/603.bwaves_s/speed_bwaves_base.mytest
Core0 args: ['bwaves_1']
Core0 stdin: /home/riscv_sec/stict/working/speclfb2/sim/spec/603.bwaves_s/bwaves_1.in
Core1 args: ['bwaves_2']
Core1 stdin: /home/riscv_sec/stict/working/speclfb2/sim/spec/603.bwaves_s/bwaves_2.in
build/RISCV/sim/simulate.cc:192: info: Entering event queue @ 0.  Starting simulation...
build/RISCV/sim/syscall_emul.cc:85: warn: ignoring syscall set_robust_list(...)
      (further warnings will be suppressed)
build/RISCV/sim/syscall_emul.cc:85: warn: ignoring syscall rt_sigaction(...)
      (further warnings will be suppressed)
build/RISCV/sim/syscall_emul.cc:85: warn: ignoring syscall rt_sigprocmask(...)
      (further warnings will be suppressed)
build/RISCV/sim/syscall_emul.hh:1014: warn: readlink() called on '/proc/self/exe' may yield unexpected results in various settings.
      Returning '/home/riscv_sec/stict/working/speclfb2/sim/spec/603.bwaves_s/speed_bwaves_base.mytest'
build/RISCV/sim/mem_state.cc:443: info: Increasing stack size by one page.
build/RISCV/sim/mem_state.cc:443: info: Increasing stack size by one page.
build/RISCV/sim/syscall_emul.cc:74: warn: ignoring syscall mprotect(...)
build/RISCV/sim/syscall_emul.cc:74: warn: ignoring syscall mprotect(...)
build/RISCV/sim/mem_state.cc:443: info: Increasing stack size by one page.
build/RISCV/sim/mem_state.cc:443: info: Increasing stack size by one page.
 BI-CGSTAB & symmetric difference scheme 
 BI-CGSTAB & symmetric difference scheme 
 3D  Laminar shock wave propagation
 3D  Laminar shock wave propagation
 Re:   100000.000000    Pr:        0.720000
 Re:   100000.000000    Pr:        0.720000
 grid size is:     31    31   128
 grid size is:     31    31   128
 CFL:  2.000   nuim:  0.100  nuex2:  0.100 nuex4:  0.050
 CFL:  1.900   nuim:  0.100  nuex2:  0.100 nuex4:  0.050
 Implicit scheme is working
 Implicit scheme is working
 Cubic initial configuration
 Cubic initial configuration
 Number of Time Steps:     10

 Number of Time Steps:     10

 Time step:      1  dt:    0.61535116196E-03
 Time step:      1  dt:    0.61535116196E-03
    0.99769940128E-02    0.10000000000E-02
    0.99769940128E-02    0.10000000000E-02
 Time step:      2  dt:    0.99453267722E-03
 Time step:      2  dt:    0.10200335149E-02
    0.67716135632E-01    0.10000000000E-02
    0.61194251817E-01    0.10000000000E-02
 Time step:      3  dt:    0.12702992316E-02
 Time step:      3  dt:    0.13108268426E-02
    0.13111581525        0.10000000000E-02
    0.14776034444        0.10000000000E-02
 Time step:      4  dt:    0.15922596110E-02
 Time step:      4  dt:    0.15370978151E-02
    0.23561846648        0.10000000000E-02
    0.20794250789        0.10000000000E-02
 Time step:      5  dt:    0.18156103642E-02
 Time step:      5  dt:    0.18868289613E-02
    0.32698663814        0.10000000000E-02
    0.28770560134        0.10000000000E-02
 Time step:      6  dt:    0.21151441058E-02
 Time step:      6  dt:    0.22048372780E-02
    0.38694796237        0.10000000000E-02
    0.44319052934        0.10000000000E-02
