Global frequency set at 1000000000000 ticks per second
build/RISCV/mem/dram_interface.cc:690: warn: DRAM device capacity (8192 Mbytes) does not match the address range assigned (16384 Mbytes)
0: system.remote_gdb: listening for remote gdb on port 7029
gem5 Simulator System.  https://www.gem5.org
gem5 is copyrighted software; use the --copyright option for details.

gem5 version 22.1.0.0
gem5 compiled Apr 22 2026 16:27:53
gem5 started May  3 2026 13:19:25
gem5 executing on computenode3, pid 2098156
command line: /home/riscv_sec/stict/working/speclfb2/build/RISCV/gem5.opt -d spec_result/625.x264_s_scheme sim/spec/625.x264_s/sim.py --scheme=Speclfb

Beginning simulation for 625.x264_s
Scheme: Speclfb
Cores: 2
Binary (relative to speclfb): sim/spec/625.x264_s/x264_s_base.mytest
Core0 args: ['--dumpyuv', '50', '--frames', '156', '-o', 'BuckBunny_New.264', 'BuckBunny.yuv', '1280x720']
Core1 args: ['--dumpyuv', '50', '--frames', '156', '-o', 'BuckBunny_New.264', 'BuckBunny.yuv', '1280x720']
build/RISCV/sim/simulate.cc:192: info: Entering event queue @ 0.  Starting simulation...
build/RISCV/sim/syscall_emul.hh:1014: warn: readlink() called on '/proc/self/exe' may yield unexpected results in various settings.
      Returning '/home/riscv_sec/stict/working/speclfb2/sim/spec/625.x264_s/x264_s_base.mytest'
build/RISCV/sim/mem_state.cc:443: info: Increasing stack size by one page.
build/RISCV/sim/mem_state.cc:443: info: Increasing stack size by one page.
build/RISCV/sim/syscall_emul.cc:74: warn: ignoring syscall mprotect(...)
build/RISCV/sim/syscall_emul.cc:74: warn: ignoring syscall mprotect(...)
build/RISCV/sim/mem_state.cc:443: info: Increasing stack size by one page.
build/RISCV/sim/mem_state.cc:443: info: Increasing stack size by one page.
build/RISCV/sim/mem_state.cc:443: info: Increasing stack size by one page.
build/RISCV/sim/mem_state.cc:443: info: Increasing stack size by one page.
yuv [info]: 1280x720p 0:0 @ 25/1 fps (cfr)
yuv [info]: 1280x720p 0:0 @ 25/1 fps (cfr)
x264 [info]: x264 [info]: using cpu capabilities: none!
using cpu capabilities: none!
x264 [info]: x264 [info]: profile High, level 3.1
profile High, level 3.1
build/RISCV/sim/mem_state.cc:443: info: Increasing stack size by one page.
build/RISCV/sim/mem_state.cc:443: info: Increasing stack size by one page.
build/RISCV/sim/mem_state.cc:443: info: Increasing stack size by one page.
build/RISCV/sim/mem_state.cc:443: info: Increasing stack size by one page.
build/RISCV/sim/mem_state.cc:443: info: Increasing stack size by one page.
build/RISCV/sim/mem_state.cc:443: info: Increasing stack size by one page.
build/RISCV/sim/mem_state.cc:443: info: Increasing stack size by one page.
build/RISCV/sim/mem_state.cc:443: info: Increasing stack size by one page.
build/RISCV/sim/mem_state.cc:443: info: Increasing stack size by one page.
build/RISCV/sim/mem_state.cc:443: info: Increasing stack size by one page.
build/RISCV/sim/mem_state.cc:443: info: Increasing stack size by one page.
build/RISCV/sim/mem_state.cc:443: info: Increasing stack size by one page.
build/RISCV/sim/mem_state.cc:443: info: Increasing stack size by one page.
build/RISCV/sim/mem_state.cc:443: info: Increasing stack size by one page.
build/RISCV/sim/mem_state.cc:443: info: Increasing stack size by one page.
build/RISCV/sim/mem_state.cc:443: info: Increasing stack size by one page.
build/RISCV/sim/mem_state.cc:443: info: Increasing stack size by one page.
build/RISCV/sim/mem_state.cc:443: info: Increasing stack size by one page.
build/RISCV/sim/mem_state.cc:443: info: Increasing stack size by one page.
build/RISCV/sim/mem_state.cc:443: info: Increasing stack size by one page.
