Global frequency set at 1000000000000 ticks per second
build/RISCV/mem/dram_interface.cc:690: warn: DRAM device capacity (8192 Mbytes) does not match the address range assigned (16384 Mbytes)
0: system.remote_gdb: listening for remote gdb on port 7024
gem5 Simulator System.  https://www.gem5.org
gem5 is copyrighted software; use the --copyright option for details.

gem5 version 22.1.0.0
gem5 compiled Apr 22 2026 16:27:53
gem5 started May  3 2026 13:19:25
gem5 executing on computenode3, pid 2098097
command line: /home/riscv_sec/stict/working/speclfb2/build/RISCV/gem5.opt -d spec_result/605.mcf_s_scheme sim/spec/605.mcf_s/sim.py --scheme=Speclfb

Beginning simulation for 605.mcf_s
Scheme: Speclfb
Cores: 2
Binary (relative to speclfb): sim/spec/605.mcf_s/mcf_s_base.mytest
Core0 args: ['inp.in']
Core1 args: ['inp.in']
build/RISCV/sim/simulate.cc:192: info: Entering event queue @ 0.  Starting simulation...
build/RISCV/sim/syscall_emul.hh:1014: warn: readlink() called on '/proc/self/exe' may yield unexpected results in various settings.
      Returning '/home/riscv_sec/stict/working/speclfb2/sim/spec/605.mcf_s/mcf_s_base.mytest'
build/RISCV/sim/mem_state.cc:443: info: Increasing stack size by one page.
build/RISCV/sim/mem_state.cc:443: info: Increasing stack size by one page.
build/RISCV/sim/syscall_emul.cc:74: warn: ignoring syscall mprotect(...)
build/RISCV/sim/syscall_emul.cc:74: warn: ignoring syscall mprotect(...)


MCF SPEC CPU version 1.11
MCF SPEC CPU version 1.11
Copyright (c) 1998-2000 Zuse Institut Berlin (ZIB)
Copyright (c) 1998-2000 Zuse Institut Berlin (ZIB)
Copyright (c) 2000-2002 Andreas Loebel & ZIB
Copyright (c) 2000-2002 Andreas Loebel & ZIB
Copyright (c) 2003-2005 Andreas Loebel
Copyright (c) 2003-2005 Andreas Loebel
Copyright (c) 2006-2010 Dres. Loebel, Borndoerfer & Weider GbR (LBW)
Copyright (c) 2006-2010 Dres. Loebel, Borndoerfer & Weider GbR (LBW)


nodes                      : 5985
nodes                      : 5985
active arcs                : 102404
build/RISCV/sim/mem_state.cc:443: info: Increasing stack size by one page.
build/RISCV/sim/mem_state.cc:443: info: Increasing stack size by one page.
build/RISCV/sim/mem_state.cc:443: info: Increasing stack size by one page.
build/RISCV/sim/mem_state.cc:443: info: Increasing stack size by one page.
build/RISCV/sim/mem_state.cc:443: info: Increasing stack size by one page.
build/RISCV/sim/mem_state.cc:443: info: Increasing stack size by one page.
build/RISCV/sim/mem_state.cc:443: info: Increasing stack size by one page.
active arcs                : 102404
build/RISCV/sim/mem_state.cc:443: info: Increasing stack size by one page.
build/RISCV/sim/mem_state.cc:443: info: Increasing stack size by one page.
build/RISCV/sim/mem_state.cc:443: info: Increasing stack size by one page.
build/RISCV/sim/mem_state.cc:443: info: Increasing stack size by one page.
build/RISCV/sim/mem_state.cc:443: info: Increasing stack size by one page.
build/RISCV/sim/mem_state.cc:443: info: Increasing stack size by one page.
build/RISCV/sim/mem_state.cc:443: info: Increasing stack size by one page.
build/RISCV/sim/mem_state.cc:443: info: Increasing stack size by one page.
build/RISCV/sim/mem_state.cc:443: info: Increasing stack size by one page.
build/RISCV/mem/coherent_xbar.cc:461: warn: system.l2bus: response ReadResp [130bb10:130bb17] has no routeTo entry (req=0x55fdb7320910, routeTo size=4). Dropping response packet.
gem5.opt: build/RISCV/mem/protocol/timing.cc:51: bool gem5::TimingRequestProtocol::sendReq(gem5::TimingResponseProtocol*, gem5::PacketPtr): Assertion `pkt->isRequest()' failed.
Program aborted at tick 154925301000
--- BEGIN LIBC BACKTRACE ---
/home/riscv_sec/stict/working/speclfb2/build/RISCV/gem5.opt(+0x1340620)[0x55fda311f620]
/home/riscv_sec/stict/working/speclfb2/build/RISCV/gem5.opt(+0x1363f9c)[0x55fda3142f9c]
/lib/x86_64-linux-gnu/libpthread.so.0(+0x14420)[0x7fe95d423420]
/lib/x86_64-linux-gnu/libc.so.6(gsignal+0xcb)[0x7fe95c53200b]
/lib/x86_64-linux-gnu/libc.so.6(abort+0x12b)[0x7fe95c511859]
/lib/x86_64-linux-gnu/libc.so.6(+0x22729)[0x7fe95c511729]
/lib/x86_64-linux-gnu/libc.so.6(+0x33fd6)[0x7fe95c522fd6]
/home/riscv_sec/stict/working/speclfb2/build/RISCV/gem5.opt(+0x10ad428)[0x55fda2e8c428]
/home/riscv_sec/stict/working/speclfb2/build/RISCV/gem5.opt(+0x8b3052)[0x55fda2692052]
/home/riscv_sec/stict/working/speclfb2/build/RISCV/gem5.opt(+0x8973be)[0x55fda26763be]
/home/riscv_sec/stict/working/speclfb2/build/RISCV/gem5.opt(+0x8b16ee)[0x55fda26906ee]
/home/riscv_sec/stict/working/speclfb2/build/RISCV/gem5.opt(+0x89989a)[0x55fda267889a]
/home/riscv_sec/stict/working/speclfb2/build/RISCV/gem5.opt(+0x89a2f5)[0x55fda26792f5]
/home/riscv_sec/stict/working/speclfb2/build/RISCV/gem5.opt(+0x85e537)[0x55fda263d537]
/home/riscv_sec/stict/working/speclfb2/build/RISCV/gem5.opt(+0x600518)[0x55fda23df518]
/home/riscv_sec/stict/working/speclfb2/build/RISCV/gem5.opt(+0x5e55f8)[0x55fda23c45f8]
/home/riscv_sec/stict/working/speclfb2/build/RISCV/gem5.opt(+0x85c45b)[0x55fda263b45b]
/home/riscv_sec/stict/working/speclfb2/build/RISCV/gem5.opt(+0x8b4284)[0x55fda2693284]
/home/riscv_sec/stict/working/speclfb2/build/RISCV/gem5.opt(+0x897bb1)[0x55fda2676bb1]
/home/riscv_sec/stict/working/speclfb2/build/RISCV/gem5.opt(+0x87eb42)[0x55fda265db42]
/home/riscv_sec/stict/working/speclfb2/build/RISCV/gem5.opt(+0x8800f8)[0x55fda265f0f8]
/home/riscv_sec/stict/working/speclfb2/build/RISCV/gem5.opt(+0x8434be)[0x55fda26224be]
/home/riscv_sec/stict/working/speclfb2/build/RISCV/gem5.opt(+0x1353b82)[0x55fda3132b82]
/home/riscv_sec/stict/working/speclfb2/build/RISCV/gem5.opt(+0x137b235)[0x55fda315a235]
/home/riscv_sec/stict/working/speclfb2/build/RISCV/gem5.opt(+0x137b85b)[0x55fda315a85b]
/home/riscv_sec/stict/working/speclfb2/build/RISCV/gem5.opt(+0x12e1b60)[0x55fda30c0b60]
/home/riscv_sec/stict/working/speclfb2/build/RISCV/gem5.opt(+0x47844e)[0x55fda225744e]
/lib/x86_64-linux-gnu/libpython3.8.so.1.0(+0x2a8748)[0x7fe95d6da748]
/lib/x86_64-linux-gnu/libpython3.8.so.1.0(_PyEval_EvalFrameDefault+0x8dd8)[0x7fe95d4aff48]
/lib/x86_64-linux-gnu/libpython3.8.so.1.0(_PyEval_EvalCodeWithName+0x8fb)[0x7fe95d5fce4b]
/lib/x86_64-linux-gnu/libpython3.8.so.1.0(_PyFunction_Vectorcall+0x94)[0x7fe95d6da124]
/lib/x86_64-linux-gnu/libpython3.8.so.1.0(+0x74d6d)[0x7fe95d4a6d6d]
--- END LIBC BACKTRACE ---
[RUN] 605.mcf_s: /home/riscv_sec/stict/working/speclfb2/build/RISCV/gem5.opt -d spec_result/605.mcf_s_scheme sim/spec/605.mcf_s/sim.py --scheme=Speclfb
