Global frequency set at 1000000000000 ticks per second
build/RISCV/mem/dram_interface.cc:690: warn: DRAM device capacity (8192 Mbytes) does not match the address range assigned (16384 Mbytes)
0: system.remote_gdb: listening for remote gdb on port 7000
gem5 Simulator System.  https://www.gem5.org
gem5 is copyrighted software; use the --copyright option for details.

gem5 version 22.1.0.0
gem5 compiled Apr 22 2026 16:27:53
gem5 started May  3 2026 13:19:17
gem5 executing on computenode3, pid 2097770
command line: /home/riscv_sec/stict/working/speclfb2/build/RISCV/gem5.opt -d spec_result/505.mcf_r_scheme sim/spec/505.mcf_r/sim.py --scheme=Speclfb

Beginning simulation for 505.mcf_r
Scheme: Speclfb
Cores: 1
Binary (relative to speclfb): sim/spec/505.mcf_r/mcf_r_base.mytest
Core0 args: ['inp.in']
build/RISCV/sim/simulate.cc:192: info: Entering event queue @ 0.  Starting simulation...
build/RISCV/sim/syscall_emul.hh:1014: warn: readlink() called on '/proc/self/exe' may yield unexpected results in various settings.
      Returning '/home/riscv_sec/stict/working/speclfb2/sim/spec/505.mcf_r/mcf_r_base.mytest'
build/RISCV/sim/mem_state.cc:443: info: Increasing stack size by one page.
build/RISCV/sim/syscall_emul.cc:74: warn: ignoring syscall mprotect(...)

MCF SPEC CPU version 1.11
Copyright (c) 1998-2000 Zuse Institut Berlin (ZIB)
Copyright (c) 2000-2002 Andreas Loebel & ZIB
Copyright (c) 2003-2005 Andreas Loebel
Copyright (c) 2006-2010 Dres. Loebel, Borndoerfer & Weider GbR (LBW)

nodes                      : 5985
active arcs                : 102404
build/RISCV/sim/mem_state.cc:443: info: Increasing stack size by one page.
build/RISCV/sim/mem_state.cc:443: info: Increasing stack size by one page.
build/RISCV/sim/mem_state.cc:443: info: Increasing stack size by one page.
build/RISCV/sim/mem_state.cc:443: info: Increasing stack size by one page.
build/RISCV/sim/mem_state.cc:443: info: Increasing stack size by one page.
build/RISCV/sim/mem_state.cc:443: info: Increasing stack size by one page.
build/RISCV/sim/mem_state.cc:443: info: Increasing stack size by one page.
build/RISCV/sim/mem_state.cc:443: info: Increasing stack size by one page.
build/RISCV/mem/coherent_xbar.cc:461: warn: system.l2bus: response UpgradeResp [98ed40:98ed7f] has no routeTo entry (req=0x558272ada010, routeTo size=1). Dropping response packet.
gem5 has encountered a segmentation fault!

[RUN] 505.mcf_r: /home/riscv_sec/stict/working/speclfb2/build/RISCV/gem5.opt -d spec_result/505.mcf_r_scheme sim/spec/505.mcf_r/sim.py --scheme=Speclfb
