Global frequency set at 1000000000000 ticks per second
src/mem/dram_interface.cc:690: warn: DRAM device capacity (8192 Mbytes) does not match the address range assigned (16384 Mbytes)
src/arch/riscv/isa.cc:279: info: RVV enabled, VLEN = 256 bits, ELEN = 64 bits
src/base/statistics.hh:279: warn: One of the stats is a legacy stat. Legacy stat is a stat that does not belong to any statistics::Group. Legacy stat is deprecated.
system.remote_gdb: Listening for connections on port 7045
gem5 Simulator System.  https://www.gem5.org
gem5 is copyrighted software; use the --copyright option for details.

gem5 version 24.1.0.3
gem5 compiled May  2 2026 19:08:01
gem5 started May  3 2026 18:12:38
gem5 executing on computenode3, pid 2146710
command line: /home/riscv_sec/stict/working/manual-2/build/RISCV/gem5.opt -d spec_result/541.leela_r_scheme sim/spec/541.leela_r/sim.py --scheme

Beginning simulation for 541.leela_r
Scheme enabled: True
Cores: 1
Binary (relative to stict): sim/spec/541.leela_r/leela_r_base.mytest
Core0 args: ['test.sgf']
warn: Base 10 memory/cache size 16GB will be cast to base 2 size 16GiB.
warn: Base 10 memory/cache size 32kB will be cast to base 2 size 32KiB.
warn: Base 10 memory/cache size 32kB will be cast to base 2 size 32KiB.
warn: Base 10 memory/cache size 2048kB will be cast to base 2 size 2048KiB.
src/sim/simulate.cc:199: info: Entering event queue @ 0.  Starting simulation...
src/sim/syscall_emul.hh:1117: warn: readlink() called on '/proc/self/exe' may yield unexpected results in various settings.
      Returning '/home/riscv_sec/stict/working/manual-2/sim/spec/541.leela_r/leela_r_base.mytest'
src/sim/mem_state.cc:448: info: Increasing stack size by one page.
src/sim/syscall_emul.cc:86: warn: ignoring syscall mprotect(...)
src/sim/mem_state.cc:448: info: Increasing stack size by one page.
src/sim/mem_state.cc:448: info: Increasing stack size by one page.
src/sim/mem_state.cc:448: info: Increasing stack size by one page.
src/sim/mem_state.cc:448: info: Increasing stack size by one page.
src/sim/mem_state.cc:448: info: Increasing stack size by one page.
src/sim/mem_state.cc:448: info: Increasing stack size by one page.
src/sim/mem_state.cc:448: info: Increasing stack size by one page.
src/sim/mem_state.cc:448: info: Increasing stack size by one page.
src/sim/mem_state.cc:448: info: Increasing stack size by one page.
src/sim/mem_state.cc:448: info: Increasing stack size by one page.
src/sim/mem_state.cc:448: info: Increasing stack size by one page.
src/sim/mem_state.cc:448: info: Increasing stack size by one page.
src/sim/mem_state.cc:448: info: Increasing stack size by one page.
src/sim/mem_state.cc:448: info: Increasing stack size by one page.
src/sim/mem_state.cc:448: info: Increasing stack size by one page.
src/sim/mem_state.cc:448: info: Increasing stack size by one page.
src/sim/mem_state.cc:448: info: Increasing stack size by one page.
src/sim/mem_state.cc:448: info: Increasing stack size by one page.
src/sim/mem_state.cc:448: info: Increasing stack size by one page.
src/sim/mem_state.cc:448: info: Increasing stack size by one page.
src/sim/mem_state.cc:448: info: Increasing stack size by one page.
src/sim/mem_state.cc:448: info: Increasing stack size by one page.
src/sim/mem_state.cc:448: info: Increasing stack size by one page.
src/sim/mem_state.cc:448: info: Increasing stack size by one page.
src/sim/mem_state.cc:448: info: Increasing stack size by one page.
src/sim/mem_state.cc:448: info: Increasing stack size by one page.
src/sim/mem_state.cc:448: info: Increasing stack size by one page.
src/sim/mem_state.cc:448: info: Increasing stack size by one page.
src/sim/mem_state.cc:448: info: Increasing stack size by one page.
src/sim/mem_state.cc:448: info: Increasing stack size by one page.
src/sim/mem_state.cc:448: info: Increasing stack size by one page.
src/sim/mem_state.cc:448: info: Increasing stack size by one page.
src/sim/mem_state.cc:448: info: Increasing stack size by one page.
src/sim/mem_state.cc:448: info: Increasing stack size by one page.
src/sim/mem_state.cc:448: info: Increasing stack size by one page.
src/sim/mem_state.cc:448: info: Increasing stack size by one page.
src/sim/mem_state.cc:448: info: Increasing stack size by one page.
src/sim/mem_state.cc:448: info: Increasing stack size by one page.
src/sim/mem_state.cc:448: info: Increasing stack size by one page.
src/sim/mem_state.cc:448: info: Increasing stack size by one page.
src/sim/mem_state.cc:448: info: Increasing stack size by one page.
src/sim/mem_state.cc:448: info: Increasing stack size by one page.
src/sim/mem_state.cc:448: info: Increasing stack size by one page.
Nodes: 1, Win:  0.0%, PV: 
Nodes: 1001, Win: 16.5%, PV: Q18 S7 
Nodes: 2001, Win: 16.2%, PV: P19 O12 
Nodes: 3001, Win: 16.4%, PV: P19 L7 
Nodes: 4001, Win: 16.7%, PV: A2 G2 

  A2 ->     398 (U: 21.8%) (R: 22.8%:     424) PV: A2 G2 
 P19 ->     682 (U: 18.9%) (R: 20.1%:     748) PV: P19 L7 
 Q18 ->     325 (U: 18.1%) (R: 20.4%:     410) PV: Q18 S7 
 T19 ->     284 (U: 17.9%) (R: 20.7%:     338) PV: T19 K1 
 B14 ->     251 (U: 18.3%) (R: 20.3%:     354) PV: B14 G7 
  B2 ->     177 (U: 15.8%) (R: 20.5%:     282) PV: B2 N14 
====================================
398 visits, score 21.8% (from 16.7%) PV: A2 G2 

4002 visits, 15054 nodes


Passes: 0            Black (X) Prisoners: 12
White (O) to move    White (O) Prisoners: 13

   a b c d e f g h j k l m n o p q r s t 
19 . . . X X . O . . . . . . . . . . . . 19
18 . . . X O O . O O O . . . . . . . . . 18
17 . . X . X O O X X O X X . X X X X X . 17
16 . . . X O O . . X X O X O X O O X O . 16
15 . . X X X . O X X O O . X O X . . . . 15
14 O . O O X . X X O O O . . O O O O O . 14
13 . O O X X X O O X O . . . . O X X O . 13
12 X X O O X . . O X O . . . . O X . X . 12
11 X O . O X . O . X O O X . X O X X X . 11
10 O . . O X . . . X X O . . . O X . X . 10
 9 . O O X X X . O X O O . . . X O X O .  9
 8 O O O O . . O O O X . X . O O O . X .  8
 7 O X . . X . . X O X . . X O X . O . .  7
 6 O X O O . . . . X O X . O X . O X . .  6
 5 O X . . X X . . . O O O O X . . O . .  5
 4 X O O O . . X X O O O X X X . O . O O  4
 3 X X X . X X O O X X X O O X . X X X O  3
 2(X). . X X O . . O O X O . X . . . X X  2
 1 . . . . . . . . . . X O . . . . . . .  1
   a b c d e f g h j k l m n o p q r s t 

Hash: 816CAE9A28214BAD Ko-Hash: DD55B1F00493EE24

Black time: 00:05:00
White time: 00:05:00

Nodes: 399, Win: 78.2%, PV: 
Nodes: 1399, Win: 81.8%, PV: N10 G16 G7 
Nodes: 2399, Win: 85.2%, PV: F14 P19 T6 
Nodes: 3399, Win: 85.5%, PV: F14 J5 K1 pass 
Nodes: 4399, Win: 84.8%, PV: F14 F15 L8 J19 

 F14 ->    2869 (U: 86.5%) (R: 86.2%:    2927) PV: F14 F15 L8 J19 
 N10 ->     491 (U: 83.6%) (R: 83.4%:    1057) PV: N10 G16 G7 
  K1 ->     170 (U: 82.4%) (R: 86.3%:    1621) PV: K1 
  G2 ->      74 (U: 82.5%) (R: 83.2%:     609) PV: G2 
 A16 ->      70 (U: 85.8%) (R: 84.9%:     266) PV: A16 
  F1 ->      67 (U: 83.6%) (R: 83.0%:     718) PV: F1 
====================================
2869 visits, score 86.5% (from 84.8%) PV: F14 F15 L8 J19 

4400 visits, 14514 nodes


Passes: 0            Black (X) Prisoners: 12
Black (X) to move    White (O) Prisoners: 13

   a b c d e f g h j k l m n o p q r s t 
19 . . . X X . O . . . . . . . . . . . . 19
18 . . . X O O . O O O . . . . . . . . . 18
17 . . X . X O O X X O X X . X X X X X . 17
16 . . . X O O . . X X O X O X O O X O . 16
15 . . X X X . O X X O O . X O X . . . . 15
14 O . O O X(O)X X O O O . . O O O O O . 14
13 . O O X X X O O X O . . . . O X X O . 13
12 X X O O X . . O X O . . . . O X . X . 12
11 X O . O X . O . X O O X . X O X X X . 11
10 O . . O X . . . X X O . . . O X . X . 10
 9 . O O X X X . O X O O . . . X O X O .  9
 8 O O O O . . O O O X . X . O O O . X .  8
 7 O X . . X . . X O X . . X O X . O . .  7
 6 O X O O . . . . X O X . O X . O X . .  6
 5 O X . . X X . . . O O O O X . . O . .  5
 4 X O O O . . X X O O O X X X . O . O O  4
 3 X X X . X X O O X X X O O X . X X X O  3
 2 X . . X X O . . O O X O . X . . . X X  2
 1 . . . . . . . . . . X O . . . . . . .  1
   a b c d e f g h j k l m n o p q r s t 

Hash: 9290ACB361385344 Ko-Hash: 65641814E6475D00

Black time: 00:05:00
White time: 00:05:00

Nodes: 2870, Win: 13.5%, PV: pass 
Nodes: 3870, Win: 13.2%, PV: F15 M15 
