Global frequency set at 1000000000000 ticks per second
src/mem/dram_interface.cc:690: warn: DRAM device capacity (8192 Mbytes) does not match the address range assigned (16384 Mbytes)
src/arch/riscv/isa.cc:279: info: RVV enabled, VLEN = 256 bits, ELEN = 64 bits
src/base/statistics.hh:279: warn: One of the stats is a legacy stat. Legacy stat is a stat that does not belong to any statistics::Group. Legacy stat is deprecated.
system.remote_gdb: Listening for connections on port 7043
gem5 Simulator System.  https://www.gem5.org
gem5 is copyrighted software; use the --copyright option for details.

gem5 version 24.1.0.3
gem5 compiled May  2 2026 19:08:01
gem5 started May  3 2026 18:12:38
gem5 executing on computenode3, pid 2146582
command line: /home/riscv_sec/stict/working/manual-2/build/RISCV/gem5.opt -d spec_result/508.namd_r_scheme sim/spec/508.namd_r/sim.py --scheme

Beginning simulation for 508.namd_r
Scheme enabled: True
Cores: 1
Binary (relative to stict): sim/spec/508.namd_r/namd_r_base.mytest
Core0 args: ['--input', 'apoa1.input', '--iterations', '1', '--output', 'apoa1.test.output']
warn: Base 10 memory/cache size 16GB will be cast to base 2 size 16GiB.
warn: Base 10 memory/cache size 32kB will be cast to base 2 size 32KiB.
warn: Base 10 memory/cache size 32kB will be cast to base 2 size 32KiB.
warn: Base 10 memory/cache size 2048kB will be cast to base 2 size 2048KiB.
src/sim/simulate.cc:199: info: Entering event queue @ 0.  Starting simulation...
src/sim/syscall_emul.hh:1117: warn: readlink() called on '/proc/self/exe' may yield unexpected results in various settings.
      Returning '/home/riscv_sec/stict/working/manual-2/sim/spec/508.namd_r/namd_r_base.mytest'
src/sim/mem_state.cc:448: info: Increasing stack size by one page.
src/sim/syscall_emul.cc:86: warn: ignoring syscall mprotect(...)
src/sim/mem_state.cc:448: info: Increasing stack size by one page.
*** TEST RUN - 1 ITERATIONS ***
writing to output file apoa1.test.output
iteration 0: 1 0 0 1
iteration 0: 1 1 0 0
iteration 0: 1 1 1 0
iteration 0: 0 0 0 0
