Global frequency set at 1000000000000 ticks per second
build/RISCV/mem/dram_interface.cc:690: warn: DRAM device capacity (8192 Mbytes) does not match the address range assigned (16384 Mbytes)
0: system.remote_gdb: listening for remote gdb on port 7027
gem5 Simulator System.  https://www.gem5.org
gem5 is copyrighted software; use the --copyright option for details.

gem5 version 22.1.0.0
gem5 compiled Apr 22 2026 16:27:53
gem5 started May  3 2026 13:19:25
gem5 executing on computenode3, pid 2098094
command line: /home/riscv_sec/stict/working/speclfb2/build/RISCV/gem5.opt -d spec_result/607.cactuBSSN_s_scheme sim/spec/607.cactuBSSN_s/sim.py --scheme=Speclfb

Beginning simulation for 607.cactuBSSN_s
Scheme: Speclfb
Cores: 2
Binary (relative to speclfb): sim/spec/607.cactuBSSN_s/cactuBSSN_s_base.mytest
Core0 args: ['spec_test.par']
Core1 args: ['spec_test.par']
build/RISCV/sim/simulate.cc:192: info: Entering event queue @ 0.  Starting simulation...
build/RISCV/sim/syscall_emul.cc:85: warn: ignoring syscall set_robust_list(...)
      (further warnings will be suppressed)
build/RISCV/sim/syscall_emul.cc:85: warn: ignoring syscall rt_sigaction(...)
      (further warnings will be suppressed)
build/RISCV/sim/syscall_emul.cc:85: warn: ignoring syscall rt_sigprocmask(...)
      (further warnings will be suppressed)
build/RISCV/sim/syscall_emul.hh:1014: warn: readlink() called on '/proc/self/exe' may yield unexpected results in various settings.
      Returning '/home/riscv_sec/stict/working/speclfb2/sim/spec/607.cactuBSSN_s/cactuBSSN_s_base.mytest'
build/RISCV/sim/mem_state.cc:443: info: Increasing stack size by one page.
build/RISCV/sim/mem_state.cc:443: info: Increasing stack size by one page.
build/RISCV/sim/syscall_emul.cc:74: warn: ignoring syscall mprotect(...)
build/RISCV/sim/syscall_emul.cc:74: warn: ignoring syscall mprotect(...)
build/RISCV/sim/mem_state.cc:443: info: Increasing stack size by one page.
build/RISCV/sim/mem_state.cc:443: info: Increasing stack size by one page.
--------------------------------------------------------------------------------
--------------------------------------------------------------------------------


       10                                  
  1   0101       ************************  
       10                                  
  1   0101       ************************  
  01  1010 10      The Cactus Code V4.2.1    
 1010 1101 011      www.cactuscode.org     
  1001 100101    ************************  
    00010101                               
     100011     (c) Copyright The Authors  
      0100      GNU Licensed. No Warranty  
      0101                                 
  01  1010 10      The Cactus Code V4.2.1    
 1010 1101 011      www.cactuscode.org     
  1001 100101    ************************  
    00010101                               
     100011     (c) Copyright The Authors  
      0100      GNU Licensed. No Warranty  
      0101                                 
--------------------------------------------------------------------------------

--------------------------------------------------------------------------------

Cactus version:    4.2.1
Cactus version:    4.2.1
Parameter file:    spec_test.par
Parameter file:    spec_test.par
--------------------------------------------------------------------------------

--------------------------------------------------------------------------------

Activating thorn Cactus...Success -> active implementation Cactus
Activating thorn Cactus...Success -> active implementation Cactus
build/RISCV/mem/coherent_xbar.cc:461: warn: system.l2bus: response UpgradeResp [a6ca80:a6cabf] has no routeTo entry (req=0x55e56db8b710, routeTo size=2). Dropping response packet.
gem5 has encountered a segmentation fault!

[RUN] 607.cactuBSSN_s: /home/riscv_sec/stict/working/speclfb2/build/RISCV/gem5.opt -d spec_result/607.cactuBSSN_s_scheme sim/spec/607.cactuBSSN_s/sim.py --scheme=Speclfb
