Global frequency set at 1000000000000 ticks per second
src/mem/dram_interface.cc:690: warn: DRAM device capacity (8192 Mbytes) does not match the address range assigned (16384 Mbytes)
src/arch/riscv/isa.cc:279: info: RVV enabled, VLEN = 256 bits, ELEN = 64 bits
src/base/statistics.hh:279: warn: One of the stats is a legacy stat. Legacy stat is a stat that does not belong to any statistics::Group. Legacy stat is deprecated.
system.remote_gdb: Listening for connections on port 7039
gem5 Simulator System.  https://www.gem5.org
gem5 is copyrighted software; use the --copyright option for details.

gem5 version 24.1.0.3
gem5 compiled May  2 2026 19:08:01
gem5 started May  3 2026 18:12:38
gem5 executing on computenode3, pid 2146717
command line: /home/riscv_sec/stict/working/manual-2/build/RISCV/gem5.opt -d spec_result/557.xz_r_scheme sim/spec/557.xz_r/sim.py --scheme

Beginning simulation for 557.xz_r
Scheme enabled: True
Cores: 1
Binary (relative to stict): sim/spec/557.xz_r/xz_r_base.mytest
Core0 args: ['cpu2006docs.tar.xz', '4', '055ce243071129412e9dd0b3b69a21654033a9b723d874b2015c774fac1553d9713be561ca86f74e4f16f22e664fc17a79f30caa5ad2c04fbc447549c2810fae', '1548636', '1555348', '0']
warn: Base 10 memory/cache size 16GB will be cast to base 2 size 16GiB.
warn: Base 10 memory/cache size 32kB will be cast to base 2 size 32KiB.
warn: Base 10 memory/cache size 32kB will be cast to base 2 size 32KiB.
warn: Base 10 memory/cache size 2048kB will be cast to base 2 size 2048KiB.
src/sim/simulate.cc:199: info: Entering event queue @ 0.  Starting simulation...
src/sim/syscall_emul.hh:1117: warn: readlink() called on '/proc/self/exe' may yield unexpected results in various settings.
      Returning '/home/riscv_sec/stict/working/manual-2/sim/spec/557.xz_r/xz_r_base.mytest'
src/sim/mem_state.cc:448: info: Increasing stack size by one page.
src/sim/syscall_emul.cc:86: warn: ignoring syscall mprotect(...)
SPEC CPU XZ driver: input=cpu2006docs.tar.xz insize=4
Loading Input Data
src/sim/mem_state.cc:448: info: Increasing stack size by one page.
src/sim/mem_state.cc:448: info: Increasing stack size by one page.
src/sim/mem_state.cc:448: info: Increasing stack size by one page.
Compressed size: 1287176; Uncompressed size: 9041920
SHA-512 of decompressed data compared successfully!
Decompressed data too large; truncating to requested size 4194304
SHA-512 of input file: b7c84b65a675a1d081e05b2d98a64625a05ced5a76d6542743c58b1759d75d2a6dd043cfe5d06617639aef5d6ca29cf2efec8fb71ed24b272c9ff2726aeed370
Input data 4194304 bytes in length
Compressing Input Data, level 0
Compressed data 1548636 bytes in length
Compressed data is between 1548636 and 1555348 bytes in length
Finished compressing data
Uncompressing previously compressed data
Uncompressed data 4194304 bytes in length
Uncompressed data compared correctly
Tested 4 MiB buffer: OK!
Exiting @ tick 1495657670000 because exiting with last active thread context
[RUN] 557.xz_r: /home/riscv_sec/stict/working/manual-2/build/RISCV/gem5.opt -d spec_result/557.xz_r_scheme sim/spec/557.xz_r/sim.py --scheme
