Global frequency set at 1000000000000 ticks per second
build/RISCV/mem/dram_interface.cc:690: warn: DRAM device capacity (8192 Mbytes) does not match the address range assigned (16384 Mbytes)
0: system.remote_gdb: listening for remote gdb on port 7022
gem5 Simulator System.  https://www.gem5.org
gem5 is copyrighted software; use the --copyright option for details.

gem5 version 22.1.0.0
gem5 compiled Apr 22 2026 16:27:53
gem5 started May  3 2026 13:19:17
gem5 executing on computenode3, pid 2097849
command line: /home/riscv_sec/stict/working/speclfb2/build/RISCV/gem5.opt -d spec_result/523.xalancbmk_r_scheme sim/spec/523.xalancbmk_r/sim.py --scheme=Speclfb

Beginning simulation for 523.xalancbmk_r
Scheme: Speclfb
Cores: 1
Binary (relative to speclfb): sim/spec/523.xalancbmk_r/cpuxalan_r_base.mytest
Core0 args: ['-v', 'test.xml', 'xalanc.xsl']
build/RISCV/sim/simulate.cc:192: info: Entering event queue @ 0.  Starting simulation...
build/RISCV/sim/syscall_emul.hh:1014: warn: readlink() called on '/proc/self/exe' may yield unexpected results in various settings.
      Returning '/home/riscv_sec/stict/working/speclfb2/sim/spec/523.xalancbmk_r/cpuxalan_r_base.mytest'
build/RISCV/sim/mem_state.cc:443: info: Increasing stack size by one page.
build/RISCV/sim/syscall_emul.cc:74: warn: ignoring syscall mprotect(...)
build/RISCV/sim/mem_state.cc:443: info: Increasing stack size by one page.
build/RISCV/sim/mem_state.cc:443: info: Increasing stack size by one page.
gem5 has encountered a segmentation fault!

--- BEGIN LIBC BACKTRACE ---
/home/riscv_sec/stict/working/speclfb2/build/RISCV/gem5.opt(+0x1340620)[0x5631b5cdc620]
/home/riscv_sec/stict/working/speclfb2/build/RISCV/gem5.opt(+0x1363e05)[0x5631b5cffe05]
/lib/x86_64-linux-gnu/libpthread.so.0(+0x14420)[0x7f051ae41420]
[0x5631d3e5c310]
--- END LIBC BACKTRACE ---
[RUN] 523.xalancbmk_r: /home/riscv_sec/stict/working/speclfb2/build/RISCV/gem5.opt -d spec_result/523.xalancbmk_r_scheme sim/spec/523.xalancbmk_r/sim.py --scheme=Speclfb
