Global frequency set at 1000000000000 ticks per second
src/mem/dram_interface.cc:690: warn: DRAM device capacity (8192 Mbytes) does not match the address range assigned (16384 Mbytes)
src/arch/riscv/isa.cc:279: info: RVV enabled, VLEN = 256 bits, ELEN = 64 bits
src/base/statistics.hh:279: warn: One of the stats is a legacy stat. Legacy stat is a stat that does not belong to any statistics::Group. Legacy stat is deprecated.
src/arch/riscv/isa.cc:279: info: RVV enabled, VLEN = 256 bits, ELEN = 64 bits
system.remote_gdb: Listening for connections on port 7065
gem5 Simulator System.  https://www.gem5.org
gem5 is copyrighted software; use the --copyright option for details.

gem5 version 24.1.0.3
gem5 compiled May  2 2026 19:08:01
gem5 started May  3 2026 18:12:44
gem5 executing on computenode3, pid 2147023
command line: /home/riscv_sec/stict/working/manual-2/build/RISCV/gem5.opt -d spec_result/649.fotonik3d_s_scheme sim/spec/649.fotonik3d_s/sim.py --scheme

Beginning simulation for 649.fotonik3d_s
Scheme enabled: True
Cores: 2
Binary (relative to stict): sim/spec/649.fotonik3d_s/fotonik3d_s_base.mytest
Core0 args: []
Core1 args: []
warn: Base 10 memory/cache size 16GB will be cast to base 2 size 16GiB.
warn: Base 10 memory/cache size 32kB will be cast to base 2 size 32KiB.
warn: Base 10 memory/cache size 32kB will be cast to base 2 size 32KiB.
warn: Base 10 memory/cache size 32kB will be cast to base 2 size 32KiB.
warn: Base 10 memory/cache size 32kB will be cast to base 2 size 32KiB.
warn: Base 10 memory/cache size 2048kB will be cast to base 2 size 2048KiB.
src/sim/simulate.cc:199: info: Entering event queue @ 0.  Starting simulation...
src/sim/syscall_emul.cc:97: warn: ignoring syscall set_robust_list(...)
      (further warnings will be suppressed)
src/sim/syscall_emul.cc:97: warn: ignoring syscall rt_sigaction(...)
      (further warnings will be suppressed)
src/sim/syscall_emul.cc:97: warn: ignoring syscall rt_sigprocmask(...)
      (further warnings will be suppressed)
src/sim/syscall_emul.hh:1117: warn: readlink() called on '/proc/self/exe' may yield unexpected results in various settings.
      Returning '/home/riscv_sec/stict/working/manual-2/sim/spec/649.fotonik3d_s/fotonik3d_s_base.mytest'
src/sim/mem_state.cc:448: info: Increasing stack size by one page.
src/sim/mem_state.cc:448: info: Increasing stack size by one page.
src/sim/syscall_emul.cc:86: warn: ignoring syscall mprotect(...)
src/sim/syscall_emul.cc:86: warn: ignoring syscall mprotect(...)
src/sim/mem_state.cc:448: info: Increasing stack size by one page.
src/sim/mem_state.cc:448: info: Increasing stack size by one page.
 MPI_COMM_SIZE: COMM =            0
 MPI_COMM_SIZE: COMM =            0
 MPI_COMM_RANK: COMM =            0
 MPI_COMM_RANK: COMM =            0
 ================================================================
 ================================================================
 Using 64-bit precision
 Using 64-bit precision
 -----------------------------------------------------
 -----------------------------------------------------
 Master reads the input file yee.dat:
 Master reads the input file yee.dat:


 (px,py,pz) == dims(1:3) =            1           1           1
 (px,py,pz) == dims(1:3) =            1           1           1
 nx_global, ny_global, nz_global =          120         470         120
 nx_global, ny_global, nz_global =          120         470         120
 dx, dy, dz =    4.9999999999999998E-008   4.9999999999999998E-008   4.9999999999999998E-008
 dx, dy, dz =    4.9999999999999998E-008   4.9999999999999998E-008   4.9999999999999998E-008
 nts =            3
 nts =            3
 out =            0
 out =            0
 k0 =    0.0000000000000000        1.0000000000000000        0.0000000000000000     
 k0 =    0.0000000000000000        1.0000000000000000        0.0000000000000000     
 Epol =    1.0000000000000000        0.0000000000000000        1.0000000000000000     
 Epol =    1.0000000000000000        0.0000000000000000        1.0000000000000000     
 X0 =    0.0000000000000000        1.0000000000000000        0.0000000000000000     
 X0 =    0.0000000000000000        1.0000000000000000        0.0000000000000000     
 pl =    10.000000000000000     
 pl =    10.000000000000000     
 pulse =           -2
 pulse =           -2
 number_of_runs =            1
 number_of_runs =            1
 ds =            1
 ds =            1
 stride =          100
 stride =          100
 comtype =            8
 comtype =            8
 CFL =   0.86602540380000004     
 CFL =   0.86602540380000004     
 PEC =            0
 PEC =            0
 OBC =            4
 OBC =            4
 number_of_PML_cells =            4
 number_of_PML_cells =            4
 OBJ =            1
 OBJ =            1
 POWER =            1
 POWER =            1
 Number of Probes =             0

 Number of Probes =             0

 -----------------------------------------------------
 -----------------------------------------------------
 *******PLANE SOURCE************************
 *******PLANE SOURCE************************
 index (y,global):          10
 index (y,global):          10
 index (y,local):          10
 index (y,local):          10
 Plane_Source_block_index =            0
 Plane_Source_block_index =            0
 Filename:TEwaveguide.m
 Filename:TEwaveguide.m
 Source_order_of_comp: trains_of_z_values
 Source_order_of_comp: trains_of_z_values
 *******************************************
 *******************************************
 Global temporary arrays for iep[xyz] allocated on master
 size (Mbytes) of each of the three arrays is           25
 Global temporary arrays for iep[xyz] allocated on master
 size (Mbytes) of each of the three arrays is           25
