Global frequency set at 1000000000000 ticks per second
build/RISCV/mem/dram_interface.cc:690: warn: DRAM device capacity (8192 Mbytes) does not match the address range assigned (16384 Mbytes)
0: system.remote_gdb: listening for remote gdb on port 7005
gem5 Simulator System.  https://www.gem5.org
gem5 is copyrighted software; use the --copyright option for details.

gem5 version 22.1.0.0
gem5 compiled Apr 22 2026 16:27:53
gem5 started May  3 2026 13:19:17
gem5 executing on computenode3, pid 2097826
command line: /home/riscv_sec/stict/working/speclfb2/build/RISCV/gem5.opt -d spec_result/519.lbm_r_scheme sim/spec/519.lbm_r/sim.py --scheme=Speclfb

Beginning simulation for 519.lbm_r
Scheme: Speclfb
Cores: 1
Binary (relative to speclfb): sim/spec/519.lbm_r/lbm_r_base.mytest
Core0 args: ['20', 'reference.dat', '0', '1', '100_100_130_cf_a.of']
build/RISCV/sim/simulate.cc:192: info: Entering event queue @ 0.  Starting simulation...
build/RISCV/sim/syscall_emul.hh:1014: warn: readlink() called on '/proc/self/exe' may yield unexpected results in various settings.
      Returning '/home/riscv_sec/stict/working/speclfb2/sim/spec/519.lbm_r/lbm_r_base.mytest'
build/RISCV/sim/mem_state.cc:443: info: Increasing stack size by one page.
build/RISCV/sim/syscall_emul.cc:74: warn: ignoring syscall mprotect(...)
MAIN_printInfo:
	grid size      : 100 x 100 x 130 = 1.30 * 10^6 Cells
	nTimeSteps     : 20
	result file    : reference.dat
	action         : nothing
	simulation type: channel flow
	obstacle file  : 100_100_130_cf_a.of

LBM_showGridStatistics:
	nObstacleCells:  498440 nAccelCells:       0 nFluidCells:  801560
	minRho: 1.000000 maxRho: 1.000000 Mass: 1.300000e+06
	minU  : 0.000000 maxU  : 0.000000

LBM_showGridStatistics:
	nObstacleCells:  498440 nAccelCells:       0 nFluidCells:  801560
	minRho: 1.000000 maxRho: 1.040865 Mass: 1.300963e+06
	minU  : 0.000000 maxU  : 0.012647

Exiting @ tick 5811555222000 because exiting with last active thread context
[RUN] 519.lbm_r: /home/riscv_sec/stict/working/speclfb2/build/RISCV/gem5.opt -d spec_result/519.lbm_r_scheme sim/spec/519.lbm_r/sim.py --scheme=Speclfb
