Global frequency set at 1000000000000 ticks per second
src/mem/dram_interface.cc:690: warn: DRAM device capacity (8192 Mbytes) does not match the address range assigned (16384 Mbytes)
src/arch/riscv/isa.cc:279: info: RVV enabled, VLEN = 256 bits, ELEN = 64 bits
src/base/statistics.hh:279: warn: One of the stats is a legacy stat. Legacy stat is a stat that does not belong to any statistics::Group. Legacy stat is deprecated.
src/arch/riscv/isa.cc:279: info: RVV enabled, VLEN = 256 bits, ELEN = 64 bits
system.remote_gdb: Listening for connections on port 7055
gem5 Simulator System.  https://www.gem5.org
gem5 is copyrighted software; use the --copyright option for details.

gem5 version 24.1.0.3
gem5 compiled May  2 2026 19:08:01
gem5 started May  3 2026 18:12:44
gem5 executing on computenode3, pid 2146952
command line: /home/riscv_sec/stict/working/manual-2/build/RISCV/gem5.opt -d spec_result/621.wrf_s_scheme sim/spec/621.wrf_s/sim.py --scheme

Beginning simulation for 621.wrf_s
Scheme enabled: True
Cores: 2
Binary (relative to stict): sim/spec/621.wrf_s/wrf_s_base.mytest
Core0 args: []
Core1 args: []
warn: Base 10 memory/cache size 16GB will be cast to base 2 size 16GiB.
warn: Base 10 memory/cache size 32kB will be cast to base 2 size 32KiB.
warn: Base 10 memory/cache size 32kB will be cast to base 2 size 32KiB.
warn: Base 10 memory/cache size 32kB will be cast to base 2 size 32KiB.
warn: Base 10 memory/cache size 32kB will be cast to base 2 size 32KiB.
warn: Base 10 memory/cache size 2048kB will be cast to base 2 size 2048KiB.
src/sim/simulate.cc:199: info: Entering event queue @ 0.  Starting simulation...
src/sim/syscall_emul.cc:97: warn: ignoring syscall set_robust_list(...)
      (further warnings will be suppressed)
src/sim/syscall_emul.cc:97: warn: ignoring syscall rt_sigaction(...)
      (further warnings will be suppressed)
src/sim/syscall_emul.cc:97: warn: ignoring syscall rt_sigprocmask(...)
      (further warnings will be suppressed)
src/sim/syscall_emul.hh:1117: warn: readlink() called on '/proc/self/exe' may yield unexpected results in various settings.
      Returning '/home/riscv_sec/stict/working/manual-2/sim/spec/621.wrf_s/wrf_s_base.mytest'
src/sim/mem_state.cc:448: info: Increasing stack size by one page.
src/sim/mem_state.cc:448: info: Increasing stack size by one page.
src/sim/syscall_emul.cc:86: warn: ignoring syscall mprotect(...)
src/sim/syscall_emul.cc:86: warn: ignoring syscall mprotect(...)
src/sim/mem_state.cc:448: info: Increasing stack size by one page.
src/sim/mem_state.cc:448: info: Increasing stack size by one page.
src/sim/mem_state.cc:448: info: Increasing stack size by one page.
src/sim/mem_state.cc:448: info: Increasing stack size by one page.
src/sim/mem_state.cc:448: info: Increasing stack size by one page.
src/sim/mem_state.cc:448: info: Increasing stack size by one page.
src/sim/mem_state.cc:448: info: Increasing stack size by one page.
src/sim/mem_state.cc:448: info: Increasing stack size by one page.
src/sim/mem_state.cc:448: info: Increasing stack size by one page.
src/sim/mem_state.cc:448: info: Increasing stack size by one page.
src/sim/mem_state.cc:448: info: Increasing stack size by one page.
src/sim/mem_state.cc:448: info: Increasing stack size by one page.
src/sim/mem_state.cc:448: info: Increasing stack size by one page.
src/sim/mem_state.cc:448: info: Increasing stack size by one page.
src/sim/mem_state.cc:448: info: Increasing stack size by one page.
src/sim/mem_state.cc:448: info: Increasing stack size by one page.
src/sim/mem_state.cc:448: info: Increasing stack size by one page.
src/sim/mem_state.cc:448: info: Increasing stack size by one page.
src/sim/mem_state.cc:448: info: Increasing stack size by one page.
src/sim/mem_state.cc:448: info: Increasing stack size by one page.
src/sim/mem_state.cc:448: info: Increasing stack size by one page.
src/sim/mem_state.cc:448: info: Increasing stack size by one page.
src/sim/mem_state.cc:448: info: Increasing stack size by one page.
src/sim/mem_state.cc:448: info: Increasing stack size by one page.
src/sim/mem_state.cc:448: info: Increasing stack size by one page.
src/sim/mem_state.cc:448: info: Increasing stack size by one page.
src/sim/mem_state.cc:448: info: Increasing stack size by one page.
src/sim/mem_state.cc:448: info: Increasing stack size by one page.
src/sim/mem_state.cc:448: info: Increasing stack size by one page.
src/sim/mem_state.cc:448: info: Increasing stack size by one page.
src/sim/mem_state.cc:448: info: Increasing stack size by one page.
src/sim/mem_state.cc:448: info: Increasing stack size by one page.
src/sim/mem_state.cc:448: info: Increasing stack size by one page.
src/sim/mem_state.cc:448: info: Increasing stack size by one page.
src/sim/mem_state.cc:448: info: Increasing stack size by one page.
src/sim/mem_state.cc:448: info: Increasing stack size by one page.
src/sim/mem_state.cc:448: info: Increasing stack size by one page.
src/sim/mem_state.cc:448: info: Increasing stack size by one page.
src/sim/mem_state.cc:448: info: Increasing stack size by one page.
src/sim/mem_state.cc:448: info: Increasing stack size by one page.
src/sim/mem_state.cc:448: info: Increasing stack size by one page.
src/sim/mem_state.cc:448: info: Increasing stack size by one page.
src/sim/mem_state.cc:448: info: Increasing stack size by one page.
src/sim/mem_state.cc:448: info: Increasing stack size by one page.
src/sim/mem_state.cc:448: info: Increasing stack size by one page.
src/sim/mem_state.cc:448: info: Increasing stack size by one page.
src/sim/mem_state.cc:448: info: Increasing stack size by one page.
src/sim/mem_state.cc:448: info: Increasing stack size by one page.
src/sim/mem_state.cc:448: info: Increasing stack size by one page.
src/sim/mem_state.cc:448: info: Increasing stack size by one page.
src/sim/mem_state.cc:448: info: Increasing stack size by one page.
src/sim/mem_state.cc:448: info: Increasing stack size by one page.
src/sim/mem_state.cc:448: info: Increasing stack size by one page.
src/sim/mem_state.cc:448: info: Increasing stack size by one page.
src/sim/mem_state.cc:448: info: Increasing stack size by one page.
src/sim/mem_state.cc:448: info: Increasing stack size by one page.
src/sim/mem_state.cc:448: info: Increasing stack size by one page.
src/sim/mem_state.cc:448: info: Increasing stack size by one page.
src/sim/mem_state.cc:448: info: Increasing stack size by one page.
src/sim/mem_state.cc:448: info: Increasing stack size by one page.
src/sim/mem_state.cc:448: info: Increasing stack size by one page.
src/sim/mem_state.cc:448: info: Increasing stack size by one page.
src/sim/mem_state.cc:448: info: Increasing stack size by one page.
src/sim/mem_state.cc:448: info: Increasing stack size by one page.
src/sim/mem_state.cc:448: info: Increasing stack size by one page.
src/sim/mem_state.cc:448: info: Increasing stack size by one page.
src/sim/mem_state.cc:448: info: Increasing stack size by one page.
src/sim/mem_state.cc:448: info: Increasing stack size by one page.
src/sim/mem_state.cc:448: info: Increasing stack size by one page.
src/sim/mem_state.cc:448: info: Increasing stack size by one page.
src/sim/mem_state.cc:448: info: Increasing stack size by one page.
src/sim/mem_state.cc:448: info: Increasing stack size by one page.
src/sim/mem_state.cc:448: info: Increasing stack size by one page.
src/sim/mem_state.cc:448: info: Increasing stack size by one page.
src/sim/mem_state.cc:448: info: Increasing stack size by one page.
src/sim/mem_state.cc:448: info: Increasing stack size by one page.
src/sim/mem_state.cc:448: info: Increasing stack size by one page.
src/sim/mem_state.cc:448: info: Increasing stack size by one page.
src/sim/mem_state.cc:448: info: Increasing stack size by one page.
src/sim/mem_state.cc:448: info: Increasing stack size by one page.
src/sim/mem_state.cc:448: info: Increasing stack size by one page.
src/sim/mem_state.cc:448: info: Increasing stack size by one page.
src/sim/mem_state.cc:448: info: Increasing stack size by one page.
src/sim/mem_state.cc:448: info: Increasing stack size by one page.
--- WARNING: traj_opt is zero, but num_traj is not zero; setting num_traj to zero.
--- NOTE: sst_update is 0, setting io_form_auxinput4 = 0 and auxinput4_interval = 0 for all domains
--- NOTE: grid_fdda is 0 for domain      1, setting gfdda interval and ending time to 0 for that domain.
--- NOTE: both grid_sfdda and pxlsm_soil_nudge are 0 for domain      1, setting sgfdda interval and ending time to 0 for that domain.
--- NOTE: obs_nudge_opt is 0 for domain      1, setting obs nudging interval and ending time to 0 for that domain.
bl_pbl_physics /= 4, implies mfshconv must be 0, resetting
--- NOTE: num_soil_layers has been set to      4
WRF V3.6.1 MODEL
--- WARNING: traj_opt is zero, but num_traj is not zero; setting num_traj to zero.
--- NOTE: sst_update is 0, setting io_form_auxinput4 = 0 and auxinput4_interval = 0 for all domains
--- NOTE: grid_fdda is 0 for domain      1, setting gfdda interval and ending time to 0 for that domain.
--- NOTE: both grid_sfdda and pxlsm_soil_nudge are 0 for domain      1, setting sgfdda interval and ending time to 0 for that domain.
--- NOTE: obs_nudge_opt is 0 for domain      1, setting obs nudging interval and ending time to 0 for that domain.
bl_pbl_physics /= 4, implies mfshconv must be 0, resetting
--- NOTE: num_soil_layers has been set to      4
WRF V3.6.1 MODEL
 *************************************
 Parent domain
 ids,ide,jds,jde            1          74           1          61
 ims,ime,jms,jme           -4          79          -4          66
 ips,ipe,jps,jpe            1          74           1          61
 *************************************
DYNAMICS OPTION: Eulerian Mass Coordinate
 *************************************
 Parent domain
 ids,ide,jds,jde            1          74           1          61
 ims,ime,jms,jme           -4          79          -4          66
 ips,ipe,jps,jpe            1          74           1          61
 *************************************
DYNAMICS OPTION: Eulerian Mass Coordinate
 alloc_space_field: domain            1 ,             128355772  bytes allocated
 alloc_space_field: domain            1 ,             128355772  bytes allocated
med_initialdata_input: calling input_input
med_initialdata_input: calling input_input
 Resetting the hypsometric_opt from default value of 2 to 1
 Resetting the hypsometric_opt from default value of 2 to 1
Timing for processing wrfinput file (stream 0) for domain        1:    0.03700 elapsed seconds
Timing for processing wrfinput file (stream 0) for domain        1:    0.03700 elapsed seconds
INPUT LandUse = "USGS"
 LANDUSE TYPE = "USGS" FOUND          33  CATEGORIES           2  SEASONS WATER CATEGORY =           16  SNOW CATEGORY =           24
INPUT LandUse = "USGS"
 LANDUSE TYPE = "USGS" FOUND          33  CATEGORIES           2  SEASONS WATER CATEGORY =           16  SNOW CATEGORY =           24
INITIALIZE THREE Noah LSM RELATED TABLES
 LANDUSE TYPE = USGS FOUND          27  CATEGORIES
INITIALIZE THREE Noah LSM RELATED TABLES
 LANDUSE TYPE = USGS FOUND          27  CATEGORIES
 INPUT SOIL TEXTURE CLASSIFICATION = STAS
 SOIL TEXTURE CLASSIFICATION = STAS FOUND          19  CATEGORIES
 INPUT SOIL TEXTURE CLASSIFICATION = STAS
 SOIL TEXTURE CLASSIFICATION = STAS FOUND          19  CATEGORIES
Timing for processing lateral boundary for domain        1:    0.01000 elapsed seconds
WRF NUMBER OF TILES FROM OMP_GET_MAX_THREADS =   1
 Tile Strategy is not specified. Assuming 1D-Y
WRF TILE   1 IS      1 IE     74 JS      1 JE     61
WRF NUMBER OF TILES =   1
Timing for processing lateral boundary for domain        1:    0.01100 elapsed seconds
WRF NUMBER OF TILES FROM OMP_GET_MAX_THREADS =   1
 Tile Strategy is not specified. Assuming 1D-Y
WRF TILE   1 IS      1 IE     74 JS      1 JE     61
WRF NUMBER OF TILES =   1
Timing for main: time 2000-01-24_12:01:00 on domain   1:    2.87800 elapsed seconds
Timing for main: time 2000-01-24_12:01:00 on domain   1:    2.88000 elapsed seconds
Timing for main: time 2000-01-24_12:02:00 on domain   1:    1.28300 elapsed seconds
Timing for main: time 2000-01-24_12:02:00 on domain   1:    1.28200 elapsed seconds
