Global frequency set at 1000000000000 ticks per second
src/mem/dram_interface.cc:690: warn: DRAM device capacity (8192 Mbytes) does not match the address range assigned (16384 Mbytes)
src/arch/riscv/isa.cc:279: info: RVV enabled, VLEN = 256 bits, ELEN = 64 bits
src/base/statistics.hh:279: warn: One of the stats is a legacy stat. Legacy stat is a stat that does not belong to any statistics::Group. Legacy stat is deprecated.
src/arch/riscv/isa.cc:279: info: RVV enabled, VLEN = 256 bits, ELEN = 64 bits
system.remote_gdb: Listening for connections on port 7066
gem5 Simulator System.  https://www.gem5.org
gem5 is copyrighted software; use the --copyright option for details.

gem5 version 24.1.0.3
gem5 compiled May  2 2026 19:08:01
gem5 started May  3 2026 18:12:44
gem5 executing on computenode3, pid 2146923
command line: /home/riscv_sec/stict/working/manual-2/build/RISCV/gem5.opt -d spec_result/607.cactuBSSN_s_scheme sim/spec/607.cactuBSSN_s/sim.py --scheme

Beginning simulation for 607.cactuBSSN_s
Scheme enabled: True
Cores: 2
Binary (relative to stict): sim/spec/607.cactuBSSN_s/cactuBSSN_s_base.mytest
Core0 args: ['spec_test.par']
Core1 args: ['spec_test.par']
warn: Base 10 memory/cache size 16GB will be cast to base 2 size 16GiB.
warn: Base 10 memory/cache size 32kB will be cast to base 2 size 32KiB.
warn: Base 10 memory/cache size 32kB will be cast to base 2 size 32KiB.
warn: Base 10 memory/cache size 32kB will be cast to base 2 size 32KiB.
warn: Base 10 memory/cache size 32kB will be cast to base 2 size 32KiB.
warn: Base 10 memory/cache size 2048kB will be cast to base 2 size 2048KiB.
src/sim/simulate.cc:199: info: Entering event queue @ 0.  Starting simulation...
src/sim/syscall_emul.cc:97: warn: ignoring syscall set_robust_list(...)
      (further warnings will be suppressed)
src/sim/syscall_emul.cc:97: warn: ignoring syscall rt_sigaction(...)
      (further warnings will be suppressed)
src/sim/syscall_emul.cc:97: warn: ignoring syscall rt_sigprocmask(...)
      (further warnings will be suppressed)
src/sim/syscall_emul.hh:1117: warn: readlink() called on '/proc/self/exe' may yield unexpected results in various settings.
      Returning '/home/riscv_sec/stict/working/manual-2/sim/spec/607.cactuBSSN_s/cactuBSSN_s_base.mytest'
src/sim/mem_state.cc:448: info: Increasing stack size by one page.
src/sim/mem_state.cc:448: info: Increasing stack size by one page.
src/sim/syscall_emul.cc:86: warn: ignoring syscall mprotect(...)
src/sim/syscall_emul.cc:86: warn: ignoring syscall mprotect(...)
src/sim/mem_state.cc:448: info: Increasing stack size by one page.
src/sim/mem_state.cc:448: info: Increasing stack size by one page.
--------------------------------------------------------------------------------

       10                                  
  1   0101       ************************  
  01  1010 10      The Cactus Code V4.2.1    
 1010 1101 011      www.cactuscode.org     
  1001 100101    ************************  
    00010101                               
     100011     (c) Copyright The Authors  
      0100      GNU Licensed. No Warranty  
      0101                                 
--------------------------------------------------------------------------------

Cactus version:    4.2.1
Parameter file:    spec_test.par
--------------------------------------------------------------------------------

Activating thorn Cactus...Success -> active implementation Cactus
--------------------------------------------------------------------------------

       10                                  
  1   0101       ************************  
  01  1010 10      The Cactus Code V4.2.1    
 1010 1101 011      www.cactuscode.org     
  1001 100101    ************************  
    00010101                               
     100011     (c) Copyright The Authors  
      0100      GNU Licensed. No Warranty  
      0101                                 
--------------------------------------------------------------------------------

Cactus version:    4.2.1
Parameter file:    spec_test.par
--------------------------------------------------------------------------------

Activating thorn Cactus...Success -> active implementation Cactus
Activation requested for 
--->PUGH PUGHInterp PUGHReduce PUGHSlab Boundary CartGrid3D CoordBase LocalReduce SymBase ADMBase ADMCoupling ADMMacros CoordGauge StaticConformal Time MoL ML_BSSN ML_BSSN_Helper GaugeWave IOBasic IOASCII IOUtil <---
Thorn GaugeWave requests automatic activation of GenericFD
Activation requested for 
--->PUGH PUGHInterp PUGHReduce PUGHSlab Boundary CartGrid3D CoordBase LocalReduce SymBase ADMBase ADMCoupling ADMMacros CoordGauge StaticConformal Time MoL ML_BSSN ML_BSSN_Helper GaugeWave IOBasic IOASCII IOUtil <---
Thorn GaugeWave requests automatic activation of GenericFD
Activating thorn ADMBase...Success -> active implementation ADMBase
Activating thorn ADMCoupling...Success -> active implementation ADMCoupling
Activating thorn ADMMacros...Success -> active implementation ADMMacros
Activating thorn Boundary...Success -> active implementation boundary
Activating thorn CartGrid3D...Success -> active implementation grid
Activating thorn CoordBase...Success -> active implementation CoordBase
Activating thorn CoordGauge...Success -> active implementation CoordGauge
Activating thorn GaugeWave...Success -> active implementation GaugeWave
Activating thorn GenericFD...Success -> active implementation GenericFD
Activating thorn IOASCII...Success -> active implementation IOASCII
Activating thorn IOBasic...Success -> active implementation IOBasic
Activating thorn IOUtil...Success -> active implementation IO
Activating thorn LocalReduce...Success -> active implementation LocalReduce
Activating thorn ML_BSSN...Success -> active implementation ML_BSSN
Activating thorn ML_BSSN_Helper...Success -> active implementation ML_BSSN_Helper
Activating thorn MoL...Success -> active implementation MethodOfLines
Activating thorn PUGH...Success -> active implementation Driver
Activating thorn PUGHInterp...Success -> active implementation Interp
Activating thorn PUGHReduce...Success -> active implementation Reduce
Activating thorn PUGHSlab...Success -> active implementation Hyperslab
Activating thorn StaticConformal...Success -> active implementation StaticConformal
Activating thorn SymBase...Success -> active implementation SymBase
Activating thorn Time...Success -> active implementation time
Activating thorn ADMBase...Success -> active implementation ADMBase
Activating thorn ADMCoupling...Success -> active implementation ADMCoupling
Activating thorn ADMMacros...Success -> active implementation ADMMacros
Activating thorn Boundary...Success -> active implementation boundary
Activating thorn CartGrid3D...Success -> active implementation grid
Activating thorn CoordBase...Success -> active implementation CoordBase
Activating thorn CoordGauge...Success -> active implementation CoordGauge
Activating thorn GaugeWave...Success -> active implementation GaugeWave
Activating thorn GenericFD...Success -> active implementation GenericFD
Activating thorn IOASCII...Success -> active implementation IOASCII
Activating thorn IOBasic...Success -> active implementation IOBasic
Activating thorn IOUtil...Success -> active implementation IO
Activating thorn LocalReduce...Success -> active implementation LocalReduce
Activating thorn ML_BSSN...Success -> active implementation ML_BSSN
Activating thorn ML_BSSN_Helper...Success -> active implementation ML_BSSN_Helper
Activating thorn MoL...Success -> active implementation MethodOfLines
Activating thorn PUGH...Success -> active implementation Driver
Activating thorn PUGHInterp...Success -> active implementation Interp
Activating thorn PUGHReduce...Success -> active implementation Reduce
Activating thorn PUGHSlab...Success -> active implementation Hyperslab
Activating thorn StaticConformal...Success -> active implementation StaticConformal
Activating thorn SymBase...Success -> active implementation SymBase
Activating thorn Time...Success -> active implementation time
src/sim/mem_state.cc:448: info: Increasing stack size by one page.
src/sim/mem_state.cc:448: info: Increasing stack size by one page.
INFO (PUGH): Using physical to logical mappings: direct
INFO (PUGH): Using topology generator: automatic
--------------------------------------------------------------------------------
GaugeWave
--------------------------------------------------------------------------------
Driver provided by PUGH
--------------------------------------------------------------------------------
ML_BSSN
--------------------------------------------------------------------------------
MoL: Generalized time integration.
--------------------------------------------------------------------------------

INFO (PUGH): Not setting up a topology for 1 dimensions
INFO (PUGH): Not setting up a topology for 2 dimensions
INFO (PUGH): Setting up a topology for 3 dimensions
INFO (PUGH): Using physical to logical mappings: direct
INFO (PUGH): Using topology generator: automatic
--------------------------------------------------------------------------------
GaugeWave
--------------------------------------------------------------------------------
Driver provided by PUGH
--------------------------------------------------------------------------------
ML_BSSN
--------------------------------------------------------------------------------
MoL: Generalized time integration.
--------------------------------------------------------------------------------

INFO (IOASCII): I/O Method 'IOASCII_1D' registered: output of 1D lines of grid functions/arrays to ASCII files
INFO (IOASCII): Periodic 1D output every 1 iterations
INFO (IOASCII): Periodic 1D output requested for 'ADMBASE::gxx', 'ADMBASE::gxy'
INFO (IOASCII): I/O Method 'IOASCII_2D' registered: output of 2D planes of grid functions/arrays to ASCII files
INFO (IOASCII): Periodic 2D output turned off
INFO (IOASCII): I/O Method 'IOASCII_3D' registered: output of 3D grid functions/arrays to ASCII files
INFO (PUGH): Not setting up a topology for 1 dimensions
INFO (IOASCII): Periodic 3D output turned off
INFO (PUGH): Not setting up a topology for 2 dimensions
INFO (PUGH): Setting up a topology for 3 dimensions
INFO (IOBasic): I/O Method 'Scalar' registered: output of scalar quantities (grid scalars, reductions) to ASCII files
INFO (IOBasic): I/O Method 'Info' registered: output of scalar quantities (grid scalars, reductions) to screen
INFO (IOASCII): I/O Method 'IOASCII_1D' registered: output of 1D lines of grid functions/arrays to ASCII files
INFO (IOASCII): Periodic 1D output every 1 iterations
INFO (IOASCII): Periodic 1D output requested for 'ADMBASE::gxx', 'ADMBASE::gxy'
INFO (IOASCII): I/O Method 'IOASCII_2D' registered: output of 2D planes of grid functions/arrays to ASCII files
INFO (IOASCII): Periodic 2D output turned off
INFO (IOASCII): I/O Method 'IOASCII_3D' registered: output of 3D grid functions/arrays to ASCII files
INFO (IOASCII): Periodic 3D output turned off
INFO (IOBasic): I/O Method 'Scalar' registered: output of scalar quantities (grid scalars, reductions) to ASCII files
INFO (IOBasic): I/O Method 'Info' registered: output of scalar quantities (grid scalars, reductions) to screen
INFO (MoL): Using Runge-Kutta 3 as the time integrator.
INFO (MoL): Using Runge-Kutta 3 as the time integrator.
INFO (MoL): The maximum number of evolved variables is 25. 25 are registered.
INFO (MoL): The maximum number of constrained variables is 20. 20 are registered.
INFO (MoL): The maximum number of SandR variables is 0. 0 are registered.
INFO (MoL): The maximum number of evolved complex variables is 0. 0 are registered.
INFO (MoL): The maximum number of constrained complex variables is 0. 0 are registered.
INFO (MoL): The maximum number of SandR complex variables is 0. 0 are registered.
INFO (MoL): The maximum number of evolved array variables is 0. 0 are registered.
INFO (MoL): The maximum number of constrained array variables is 0. 0 are registered.
INFO (MoL): The maximum number of SandR array variables is 0. 0 are registered.
INFO (MoL): The maximum number of evolved complex array variables is 0. 0 are registered.
INFO (MoL): The maximum number of constrained complex array variables is 0. 0 are registered.
INFO (MoL): The maximum number of SandR complex array variables is 0. 0 are registered.
INFO (MoL): The maximum size of any array variables is 0.
INFO (MoL): The maximum number of evolved variables is 25. 25 are registered.
INFO (MoL): The maximum number of constrained variables is 20. 20 are registered.
INFO (MoL): The maximum number of SandR variables is 0. 0 are registered.
INFO (MoL): The maximum number of evolved complex variables is 0. 0 are registered.
INFO (MoL): The maximum number of constrained complex variables is 0. 0 are registered.
INFO (MoL): The maximum number of SandR complex variables is 0. 0 are registered.
INFO (MoL): The maximum number of evolved array variables is 0. 0 are registered.
INFO (MoL): The maximum number of constrained array variables is 0. 0 are registered.
INFO (MoL): The maximum number of SandR array variables is 0. 0 are registered.
INFO (MoL): The maximum number of evolved complex array variables is 0. 0 are registered.
INFO (MoL): The maximum number of constrained complex array variables is 0. 0 are registered.
INFO (MoL): The maximum number of SandR complex array variables is 0. 0 are registered.
INFO (MoL): The maximum size of any array variables is 0.
INFO (ADMMacros): Spatial finite differencing order: 2
INFO (CartGrid3D): Grid Spacings:
INFO (CartGrid3D): dx=>1.0000000e-01  dy=>1.0000000e-01  dz=>1.0000000e-01
INFO (CartGrid3D): Computational Coordinates:
INFO (CartGrid3D): x=>[-0.200, 3.900]  y=>[-0.200, 3.900]  z=>[-0.200, 3.900]
INFO (CartGrid3D): Indices of Physical Coordinates:
INFO (CartGrid3D): x=>[0,41]  y=>[0,41]  z=>[0,41]
INFO (ADMMacros): Spatial finite differencing order: 2
INFO (CartGrid3D): Grid Spacings:
INFO (CartGrid3D): dx=>1.0000000e-01  dy=>1.0000000e-01  dz=>1.0000000e-01
INFO (CartGrid3D): Computational Coordinates:
INFO (CartGrid3D): x=>[-0.200, 3.900]  y=>[-0.200, 3.900]  z=>[-0.200, 3.900]
INFO (CartGrid3D): Indices of Physical Coordinates:
INFO (CartGrid3D): x=>[0,41]  y=>[0,41]  z=>[0,41]
INFO (PUGH): Single processor evolution
INFO (PUGH): 3-dimensional grid functions
INFO (PUGH):   Size: 42 42 42
INFO (Time): Timestep set to 0.025 (courant_static)
INFO (PUGH): Single processor evolution
INFO (PUGH): 3-dimensional grid functions
INFO (PUGH):   Size: 42 42 42
INFO (Time): Timestep set to 0.025 (courant_static)
src/sim/mem_state.cc:448: info: Increasing stack size by one page.
src/sim/mem_state.cc:448: info: Increasing stack size by one page.
INFO (IOBasic): Periodic info output requested for 'ADMBASE::gxx', 'ADMBASE::gxy'
-------------------------------------------------------------------------------
   it  |          | ADMBASE::gxx                | ADMBASE::gxy                |
       |    t     | minimum      | maximum      | minimum      | maximum      |
-------------------------------------------------------------------------------
INFO (IOBasic): Periodic info output requested for 'ADMBASE::gxx', 'ADMBASE::gxy'
-------------------------------------------------------------------------------
   it  |          | ADMBASE::gxx                | ADMBASE::gxy                |
       |    t     | minimum      | maximum      | minimum      | maximum      |
-------------------------------------------------------------------------------
     0 |    0.000 |   0.96829812 |   1.03170188 |  -0.03170188 |   0.03170188 |
     0 |    0.000 |   0.96829812 |   1.03170188 |  -0.03170188 |   0.03170188 |
src/sim/mem_state.cc:448: info: Increasing stack size by one page.
src/sim/mem_state.cc:448: info: Increasing stack size by one page.
src/sim/mem_state.cc:448: info: Increasing stack size by one page.
src/sim/mem_state.cc:448: info: Increasing stack size by one page.
     1 |    0.025 |   0.96581962 |   1.03402338 |  -0.03354010 |   0.03342608 |
     1 |    0.025 |   0.96581962 |   1.03402338 |  -0.03354010 |   0.03342608 |
     2 |    0.050 |   0.96463574 |   1.03499120 |  -0.03454845 |   0.03409070 |
     2 |    0.050 |   0.96463574 |   1.03499120 |  -0.03454845 |   0.03409070 |
     3 |    0.075 |   0.96189543 |   1.04025080 |  -0.04273456 |   0.04115623 |
     3 |    0.075 |   0.96189543 |   1.04025080 |  -0.04273456 |   0.04115623 |
     4 |    0.100 |   0.95635044 |   1.04479427 |  -0.05083347 |   0.04823882 |
     4 |    0.100 |   0.95635044 |   1.04479427 |  -0.05083347 |   0.04823882 |
