Global frequency set at 1000000000000 ticks per second
build/RISCV/mem/dram_interface.cc:690: warn: DRAM device capacity (8192 Mbytes) does not match the address range assigned (16384 Mbytes)
0: system.remote_gdb: listening for remote gdb on port 7038
gem5 Simulator System.  https://www.gem5.org
gem5 is copyrighted software; use the --copyright option for details.

gem5 version 22.1.0.0
gem5 compiled Apr 22 2026 16:27:53
gem5 started May  3 2026 13:19:26
gem5 executing on computenode3, pid 2098213
command line: /home/riscv_sec/stict/working/speclfb2/build/RISCV/gem5.opt -d spec_result/648.exchange2_s_scheme sim/spec/648.exchange2_s/sim.py --scheme=Speclfb

Beginning simulation for 648.exchange2_s
Scheme: Speclfb
Cores: 2
Binary (relative to speclfb): sim/spec/648.exchange2_s/exchange2_s_base.mytest
Core0 args: ['0']
Core1 args: ['0']
build/RISCV/sim/simulate.cc:192: info: Entering event queue @ 0.  Starting simulation...
build/RISCV/sim/syscall_emul.hh:1014: warn: readlink() called on '/proc/self/exe' may yield unexpected results in various settings.
      Returning '/home/riscv_sec/stict/working/speclfb2/sim/spec/648.exchange2_s/exchange2_s_base.mytest'
build/RISCV/sim/mem_state.cc:443: info: Increasing stack size by one page.
build/RISCV/sim/mem_state.cc:443: info: Increasing stack size by one page.
build/RISCV/sim/syscall_emul.cc:74: warn: ignoring syscall mprotect(...)
build/RISCV/sim/syscall_emul.cc:74: warn: ignoring syscall mprotect(...)
build/RISCV/sim/syscall_emul.cc:85: warn: ignoring syscall rt_sigaction(...)
      (further warnings will be suppressed)
build/RISCV/sim/mem_state.cc:443: info: Increasing stack size by one page.
build/RISCV/sim/mem_state.cc:443: info: Increasing stack size by one page.
build/RISCV/sim/mem_state.cc:443: info: Increasing stack size by one page.
build/RISCV/sim/mem_state.cc:443: info: Increasing stack size by one page.
build/RISCV/sim/mem_state.cc:443: info: Increasing stack size by one page.
build/RISCV/sim/mem_state.cc:443: info: Increasing stack size by one page.
build/RISCV/sim/mem_state.cc:443: info: Increasing stack size by one page.
build/RISCV/sim/mem_state.cc:443: info: Increasing stack size by one page.
build/RISCV/sim/mem_state.cc:443: info: Increasing stack size by one page.
build/RISCV/sim/mem_state.cc:443: info: Increasing stack size by one page.
build/RISCV/sim/mem_state.cc:443: info: Increasing stack size by one page.
build/RISCV/sim/mem_state.cc:443: info: Increasing stack size by one page.
build/RISCV/sim/mem_state.cc:443: info: Increasing stack size by one page.
build/RISCV/sim/mem_state.cc:443: info: Increasing stack size by one page.


Puzzle 1
Puzzle 1
  0  1  0  0  0  0  0  0  2
  0  1  0  0  0  0  0  0  2
  3  0  0  0  0  4  0  0  0
  3  0  0  0  0  4  0  0  0
  0  0  0  0  5  0  6  0  0
  0  0  0  0  5  0  6  0  0
  0  0  0  0  0  3  0  7  0
  0  0  0  0  0  3  0  7  0
  0  0  6  0  4  0  5  0  0
  0  0  6  0  4  0  5  0  0
  0  2  0  7  0  0  0  0  0
  0  2  0  7  0  0  0  0  0
  0  0  5  0  2  0  0  0  0
  0  0  5  0  2  0  0  0  0
  0  0  0  8  0  0  0  0  3
  0  0  0  8  0  0  0  0  3
  7  0  0  0  0  0  0  4  0
  7  0  0  0  0  0  0  4  0
build/RISCV/sim/mem_state.cc:443: info: Increasing stack size by one page.
build/RISCV/sim/mem_state.cc:443: info: Increasing stack size by one page.
build/RISCV/sim/mem_state.cc:443: info: Increasing stack size by one page.
build/RISCV/sim/mem_state.cc:443: info: Increasing stack size by one page.


 At 5 5 change to 1,  8 4 change to 9
 At 5 5 change to 1,  8 4 change to 9

 At 6 4 change to 4,  1 9 change to 9

 At 6 4 change to 4,  1 9 change to 9

 At 6 2 change to 9,  1 2 change to 6

 At 6 2 change to 9,  1 2 change to 6

 At 3 7 change to 7,  6 4 change to 6

 At 3 7 change to 7,  6 4 change to 6
