Global frequency set at 1000000000000 ticks per second
build/RISCV/mem/dram_interface.cc:690: warn: DRAM device capacity (8192 Mbytes) does not match the address range assigned (16384 Mbytes)
0: system.remote_gdb: listening for remote gdb on port 7020
gem5 Simulator System.  https://www.gem5.org
gem5 is copyrighted software; use the --copyright option for details.

gem5 version 22.1.0.0
gem5 compiled Apr 22 2026 16:27:53
gem5 started May  3 2026 13:19:17
gem5 executing on computenode3, pid 2097870
command line: /home/riscv_sec/stict/working/speclfb2/build/RISCV/gem5.opt -d spec_result/526.blender_r_scheme sim/spec/526.blender_r/sim.py --scheme=Speclfb

Beginning simulation for 526.blender_r
Scheme: Speclfb
Cores: 1
Binary (relative to speclfb): sim/spec/526.blender_r/blender_r_base.mytest
Core0 args: ['cube.blend', '--render-output', 'cube_', '--threads', '1', '-b', '-F', 'RAWTGA', '-s', '1', '-e', '1', '-a']
build/RISCV/sim/simulate.cc:192: info: Entering event queue @ 0.  Starting simulation...
build/RISCV/sim/syscall_emul.hh:1014: warn: readlink() called on '/proc/self/exe' may yield unexpected results in various settings.
      Returning '/home/riscv_sec/stict/working/speclfb2/sim/spec/526.blender_r/blender_r_base.mytest'
build/RISCV/sim/mem_state.cc:443: info: Increasing stack size by one page.
build/RISCV/sim/syscall_emul.cc:74: warn: ignoring syscall mprotect(...)
Color management: using fallback mode for management
gem5 has encountered a segmentation fault!

--- BEGIN LIBC BACKTRACE ---
/home/riscv_sec/stict/working/speclfb2/build/RISCV/gem5.opt(+0x1340620)[0x55a519c9a620]
/home/riscv_sec/stict/working/speclfb2/build/RISCV/gem5.opt(+0x1363e05)[0x55a519cbde05]
/lib/x86_64-linux-gnu/libpthread.so.0(+0x14420)[0x7ffa008da420]
[0x55a52a195710]
--- END LIBC BACKTRACE ---
[RUN] 526.blender_r: /home/riscv_sec/stict/working/speclfb2/build/RISCV/gem5.opt -d spec_result/526.blender_r_scheme sim/spec/526.blender_r/sim.py --scheme=Speclfb
